Archive member included to satisfy reference by file (symbol)

d:/programfiles/mingw/arm_emb_tools/bin/../lib/gcc/arm-none-eabi/10.2.1/thumb/v7e-m+fp/hard\libgcc.a(_aeabi_uldivmod.o)
                              CMakeFiles/STM32_4.elf.dir/Drivers/STM32F4xx_HAL_Driver/Src/stm32f4xx_hal_rcc.c.obj (__aeabi_uldivmod)
d:/programfiles/mingw/arm_emb_tools/bin/../lib/gcc/arm-none-eabi/10.2.1/thumb/v7e-m+fp/hard\libgcc.a(_udivmoddi4.o)
                              d:/programfiles/mingw/arm_emb_tools/bin/../lib/gcc/arm-none-eabi/10.2.1/thumb/v7e-m+fp/hard\libgcc.a(_aeabi_uldivmod.o) (__udivmoddi4)
d:/programfiles/mingw/arm_emb_tools/bin/../lib/gcc/arm-none-eabi/10.2.1/thumb/v7e-m+fp/hard\libgcc.a(_dvmd_tls.o)
                              d:/programfiles/mingw/arm_emb_tools/bin/../lib/gcc/arm-none-eabi/10.2.1/thumb/v7e-m+fp/hard\libgcc.a(_aeabi_uldivmod.o) (__aeabi_ldiv0)
d:/programfiles/mingw/arm_emb_tools/bin/../lib/gcc/arm-none-eabi/10.2.1/../../../../arm-none-eabi/lib/thumb/v7e-m+fp/hard\libg.a(lib_a-errno.o)
                              CMakeFiles/STM32_4.elf.dir/Core/Src/retarget.c.obj (__errno)
d:/programfiles/mingw/arm_emb_tools/bin/../lib/gcc/arm-none-eabi/10.2.1/../../../../arm-none-eabi/lib/thumb/v7e-m+fp/hard\libg.a(lib_a-exit.o)
                              d:/programfiles/mingw/arm_emb_tools/bin/../lib/gcc/arm-none-eabi/10.2.1/../../../../arm-none-eabi/lib/thumb/v7e-m+fp/hard/crt0.o (exit)
d:/programfiles/mingw/arm_emb_tools/bin/../lib/gcc/arm-none-eabi/10.2.1/../../../../arm-none-eabi/lib/thumb/v7e-m+fp/hard\libg.a(lib_a-impure.o)
                              d:/programfiles/mingw/arm_emb_tools/bin/../lib/gcc/arm-none-eabi/10.2.1/../../../../arm-none-eabi/lib/thumb/v7e-m+fp/hard\libg.a(lib_a-exit.o) (_global_impure_ptr)
d:/programfiles/mingw/arm_emb_tools/bin/../lib/gcc/arm-none-eabi/10.2.1/../../../../arm-none-eabi/lib/thumb/v7e-m+fp/hard\libg.a(lib_a-init.o)
                              d:/programfiles/mingw/arm_emb_tools/bin/../lib/gcc/arm-none-eabi/10.2.1/../../../../arm-none-eabi/lib/thumb/v7e-m+fp/hard/crt0.o (__libc_init_array)
d:/programfiles/mingw/arm_emb_tools/bin/../lib/gcc/arm-none-eabi/10.2.1/../../../../arm-none-eabi/lib/thumb/v7e-m+fp/hard\libg.a(lib_a-malloc.o)
                              CMakeFiles/STM32_4.elf.dir/Drivers/CC1101/Src/CC1101.c.obj (malloc)
d:/programfiles/mingw/arm_emb_tools/bin/../lib/gcc/arm-none-eabi/10.2.1/../../../../arm-none-eabi/lib/thumb/v7e-m+fp/hard\libg.a(lib_a-mallocr.o)
                              d:/programfiles/mingw/arm_emb_tools/bin/../lib/gcc/arm-none-eabi/10.2.1/../../../../arm-none-eabi/lib/thumb/v7e-m+fp/hard\libg.a(lib_a-malloc.o) (_malloc_r)
d:/programfiles/mingw/arm_emb_tools/bin/../lib/gcc/arm-none-eabi/10.2.1/../../../../arm-none-eabi/lib/thumb/v7e-m+fp/hard\libg.a(lib_a-memcpy.o)
                              CMakeFiles/STM32_4.elf.dir/Middlewares/Third_Party/FreeRTOS/Source/queue.c.obj (memcpy)
d:/programfiles/mingw/arm_emb_tools/bin/../lib/gcc/arm-none-eabi/10.2.1/../../../../arm-none-eabi/lib/thumb/v7e-m+fp/hard\libg.a(lib_a-memset.o)
                              d:/programfiles/mingw/arm_emb_tools/bin/../lib/gcc/arm-none-eabi/10.2.1/../../../../arm-none-eabi/lib/thumb/v7e-m+fp/hard/crt0.o (memset)
d:/programfiles/mingw/arm_emb_tools/bin/../lib/gcc/arm-none-eabi/10.2.1/../../../../arm-none-eabi/lib/thumb/v7e-m+fp/hard\libg.a(lib_a-mlock.o)
                              d:/programfiles/mingw/arm_emb_tools/bin/../lib/gcc/arm-none-eabi/10.2.1/../../../../arm-none-eabi/lib/thumb/v7e-m+fp/hard\libg.a(lib_a-mallocr.o) (__malloc_lock)
d:/programfiles/mingw/arm_emb_tools/bin/../lib/gcc/arm-none-eabi/10.2.1/../../../../arm-none-eabi/lib/thumb/v7e-m+fp/hard\libg.a(lib_a-puts.o)
                              CMakeFiles/STM32_4.elf.dir/Core/Src/main.c.obj (puts)
d:/programfiles/mingw/arm_emb_tools/bin/../lib/gcc/arm-none-eabi/10.2.1/../../../../arm-none-eabi/lib/thumb/v7e-m+fp/hard\libg.a(lib_a-sbrkr.o)
                              d:/programfiles/mingw/arm_emb_tools/bin/../lib/gcc/arm-none-eabi/10.2.1/../../../../arm-none-eabi/lib/thumb/v7e-m+fp/hard\libg.a(lib_a-mallocr.o) (_sbrk_r)
d:/programfiles/mingw/arm_emb_tools/bin/../lib/gcc/arm-none-eabi/10.2.1/../../../../arm-none-eabi/lib/thumb/v7e-m+fp/hard\libg.a(lib_a-setvbuf.o)
                              CMakeFiles/STM32_4.elf.dir/Core/Src/retarget.c.obj (setvbuf)
d:/programfiles/mingw/arm_emb_tools/bin/../lib/gcc/arm-none-eabi/10.2.1/../../../../arm-none-eabi/lib/thumb/v7e-m+fp/hard\libg.a(lib_a-strlen.o)
                              d:/programfiles/mingw/arm_emb_tools/bin/../lib/gcc/arm-none-eabi/10.2.1/../../../../arm-none-eabi/lib/thumb/v7e-m+fp/hard\libg.a(lib_a-puts.o) (strlen)
d:/programfiles/mingw/arm_emb_tools/bin/../lib/gcc/arm-none-eabi/10.2.1/../../../../arm-none-eabi/lib/thumb/v7e-m+fp/hard\libg.a(lib_a-__call_atexit.o)
[...]
Memory Configuration

Name             Origin             Length             Attributes
RAM              0x20000000         0x00020000         xrw
CCMRAM           0x10000000         0x00010000         xrw
FLASH            0x08000000         0x00080000         xr
*default*        0x00000000         0xffffffff

Linker script and memory map

LOAD d:/programfiles/mingw/arm_emb_tools/bin/../lib/gcc/arm-none-eabi/10.2.1/thumb/v7e-m+fp/hard/crti.o
LOAD d:/programfiles/mingw/arm_emb_tools/bin/../lib/gcc/arm-none-eabi/10.2.1/thumb/v7e-m+fp/hard/crtbegin.o
LOAD d:/programfiles/mingw/arm_emb_tools/bin/../lib/gcc/arm-none-eabi/10.2.1/../../../../arm-none-eabi/lib/thumb/v7e-m+fp/hard/crt0.o
LOAD CMakeFiles/STM32_4.elf.dir/Core/Src/freertos.c.obj
LOAD CMakeFiles/STM32_4.elf.dir/Core/Src/main.c.obj
LOAD CMakeFiles/STM32_4.elf.dir/Core/Src/retarget.c.obj
LOAD CMakeFiles/STM32_4.elf.dir/Core/Src/stm32f4xx_hal_msp.c.obj
LOAD CMakeFiles/STM32_4.elf.dir/Core/Src/stm32f4xx_hal_timebase_tim.c.obj
LOAD CMakeFiles/STM32_4.elf.dir/Core/Src/stm32f4xx_it.c.obj
LOAD CMakeFiles/STM32_4.elf.dir/Core/Src/syscalls.c.obj
LOAD CMakeFiles/STM32_4.elf.dir/Core/Src/system_stm32f4xx.c.obj
LOAD CMakeFiles/STM32_4.elf.dir/Drivers/CC1101/Src/CC1101.c.obj
LOAD CMakeFiles/STM32_4.elf.dir/Drivers/STM32F4xx_HAL_Driver/Src/stm32f4xx_hal.c.obj
LOAD CMakeFiles/STM32_4.elf.dir/Drivers/STM32F4xx_HAL_Driver/Src/stm32f4xx_hal_cortex.c.obj
LOAD CMakeFiles/STM32_4.elf.dir/Drivers/STM32F4xx_HAL_Driver/Src/stm32f4xx_hal_dma.c.obj
LOAD CMakeFiles/STM32_4.elf.dir/Drivers/STM32F4xx_HAL_Driver/Src/stm32f4xx_hal_dma_ex.c.obj
LOAD CMakeFiles/STM32_4.elf.dir/Drivers/STM32F4xx_HAL_Driver/Src/stm32f4xx_hal_exti.c.obj
LOAD CMakeFiles/STM32_4.elf.dir/Drivers/STM32F4xx_HAL_Driver/Src/stm32f4xx_hal_flash.c.obj
LOAD CMakeFiles/STM32_4.elf.dir/Drivers/STM32F4xx_HAL_Driver/Src/stm32f4xx_hal_flash_ex.c.obj
LOAD CMakeFiles/STM32_4.elf.dir/Drivers/STM32F4xx_HAL_Driver/Src/stm32f4xx_hal_flash_ramfunc.c.obj
LOAD CMakeFiles/STM32_4.elf.dir/Drivers/STM32F4xx_HAL_Driver/Src/stm32f4xx_hal_gpio.c.obj
LOAD CMakeFiles/STM32_4.elf.dir/Drivers/STM32F4xx_HAL_Driver/Src/stm32f4xx_hal_pwr.c.obj
LOAD CMakeFiles/STM32_4.elf.dir/Drivers/STM32F4xx_HAL_Driver/Src/stm32f4xx_hal_pwr_ex.c.obj
LOAD CMakeFiles/STM32_4.elf.dir/Drivers/STM32F4xx_HAL_Driver/Src/stm32f4xx_hal_rcc.c.obj
LOAD CMakeFiles/STM32_4.elf.dir/Drivers/STM32F4xx_HAL_Driver/Src/stm32f4xx_hal_rcc_ex.c.obj
LOAD CMakeFiles/STM32_4.elf.dir/Drivers/STM32F4xx_HAL_Driver/Src/stm32f4xx_hal_spi.c.obj
LOAD CMakeFiles/STM32_4.elf.dir/Drivers/STM32F4xx_HAL_Driver/Src/stm32f4xx_hal_tim.c.obj
LOAD CMakeFiles/STM32_4.elf.dir/Drivers/STM32F4xx_HAL_Driver/Src/stm32f4xx_hal_tim_ex.c.obj
LOAD CMakeFiles/STM32_4.elf.dir/Drivers/STM32F4xx_HAL_Driver/Src/stm32f4xx_hal_uart.c.obj
LOAD CMakeFiles/STM32_4.elf.dir/Middlewares/Third_Party/FreeRTOS/Source/CMSIS_RTOS/cmsis_os.c.obj
LOAD CMakeFiles/STM32_4.elf.dir/Middlewares/Third_Party/FreeRTOS/Source/croutine.c.obj
LOAD CMakeFiles/STM32_4.elf.dir/Middlewares/Third_Party/FreeRTOS/Source/event_groups.c.obj
LOAD CMakeFiles/STM32_4.elf.dir/Middlewares/Third_Party/FreeRTOS/Source/list.c.obj
LOAD CMakeFiles/STM32_4.elf.dir/Middlewares/Third_Party/FreeRTOS/Source/portable/GCC/ARM_CM4F/port.c.obj
LOAD CMakeFiles/STM32_4.elf.dir/Middlewares/Third_Party/FreeRTOS/Source/portable/MemMang/heap_4.c.obj
LOAD CMakeFiles/STM32_4.elf.dir/Middlewares/Third_Party/FreeRTOS/Source/queue.c.obj
LOAD CMakeFiles/STM32_4.elf.dir/Middlewares/Third_Party/FreeRTOS/Source/stream_buffer.c.obj
LOAD CMakeFiles/STM32_4.elf.dir/Middlewares/Third_Party/FreeRTOS/Source/tasks.c.obj
LOAD CMakeFiles/STM32_4.elf.dir/Middlewares/Third_Party/FreeRTOS/Source/timers.c.obj
LOAD CMakeFiles/STM32_4.elf.dir/startup/startup_stm32f407xx.s.obj
START GROUP
LOAD d:/programfiles/mingw/arm_emb_tools/bin/../lib/gcc/arm-none-eabi/10.2.1/thumb/v7e-m+fp/hard\libgcc.a
LOAD d:/programfiles/mingw/arm_emb_tools/bin/../lib/gcc/arm-none-eabi/10.2.1/../../../../arm-none-eabi/lib/thumb/v7e-m+fp/hard\libg.a
LOAD d:/programfiles/mingw/arm_emb_tools/bin/../lib/gcc/arm-none-eabi/10.2.1/../../../../arm-none-eabi/lib/thumb/v7e-m+fp/hard\libc.a
END GROUP
LOAD d:/programfiles/mingw/arm_emb_tools/bin/../lib/gcc/arm-none-eabi/10.2.1/thumb/v7e-m+fp/hard/crtend.o
LOAD d:/programfiles/mingw/arm_emb_tools/bin/../lib/gcc/arm-none-eabi/10.2.1/thumb/v7e-m+fp/hard/crtn.o
                0x20020000                _estack = 0x20020000
                0x00000200                _Min_Heap_Size = 0x200
                0x00000400                _Min_Stack_Size = 0x400

.isr_vector     0x08000000      0x188
                0x08000000                . = ALIGN (0x4)
 *(.isr_vector)
 .isr_vector    0x08000000      0x188 CMakeFiles/STM32_4.elf.dir/startup/startup_stm32f407xx.s.obj
                0x08000000                g_pfnVectors
                0x08000188                . = ALIGN (0x4)

.text           0x080001c0     0x6c18
                0x080001c0                . = ALIGN (0x4)
 *(.text)
 .text          0x080001c0       0x40 d:/programfiles/mingw/arm_emb_tools/bin/../lib/gcc/arm-none-eabi/10.2.1/thumb/v7e-m+fp/hard/crtbegin.o
 .text          0x08000200       0x30 d:/programfiles/mingw/arm_emb_tools/bin/../lib/gcc/arm-none-eabi/10.2.1/thumb/v7e-m+fp/hard\libgcc.a(_aeabi_uldivmod.o)
                0x08000200                __aeabi_uldivmod
 .text          0x08000230      0x2d0 d:/programfiles/mingw/arm_emb_tools/bin/../lib/gcc/arm-none-eabi/10.2.1/thumb/v7e-m+fp/hard\libgcc.a(_udivmoddi4.o)
                0x08000230                __udivmoddi4
 .text          0x08000500        0x4 d:/programfiles/mingw/arm_emb_tools/bin/../lib/gcc/arm-none-eabi/10.2.1/thumb/v7e-m+fp/hard\libgcc.a(_dvmd_tls.o)
                0x08000500                __aeabi_idiv0
                0x08000500                __aeabi_ldiv0
 .text          0x08000504      0x134 d:/programfiles/mingw/arm_emb_tools/bin/../lib/gcc/arm-none-eabi/10.2.1/../../../../arm-none-eabi/lib/thumb/v7e-m+fp/hard\libg.a(lib_a-memcpy.o)
                0x08000504                memcpy
 *fill*         0x08000638        0x8 
 .text          0x08000640       0xdc d:/programfiles/mingw/arm_emb_tools/bin/../lib/gcc/arm-none-eabi/10.2.1/../../../../arm-none-eabi/lib/thumb/v7e-m+fp/hard\libg.a(lib_a-strlen.o)
                0x08000640                strlen
 *fill*         0x0800071c        0x4 
 .text          0x08000720       0xa0 d:/programfiles/mingw/arm_emb_tools/bin/../lib/gcc/arm-none-eabi/10.2.1/../../../../arm-none-eabi/lib/thumb/v7e-m+fp/hard\libg.a(lib_a-memchr.o)
                0x08000720                memchr
 *(.text*)
 .text.vApplicationGetIdleTaskMemory
                0x080007c0       0x34 CMakeFiles/STM32_4.elf.dir/Core/Src/freertos.c.obj
                0x080007c0                vApplicationGetIdleTaskMemory
 .text.main     0x080007f4       0xc0 CMakeFiles/STM32_4.elf.dir/Core/Src/main.c.obj
                0x080007f4                main
 .text.SystemClock_Config
                0x080008b4       0xbc CMakeFiles/STM32_4.elf.dir/Core/Src/main.c.obj
                0x080008b4                SystemClock_Config
 .text.MX_SPI1_Init
                0x08000970       0x6c CMakeFiles/STM32_4.elf.dir/Core/Src/main.c.obj
 .text.MX_SPI2_Init
                0x080009dc       0x6c CMakeFiles/STM32_4.elf.dir/Core/Src/main.c.obj
 .text.MX_USART1_UART_Init
                0x08000a48       0x58 CMakeFiles/STM32_4.elf.dir/Core/Src/main.c.obj
 .text.MX_GPIO_Init
                0x08000aa0      0x138 CMakeFiles/STM32_4.elf.dir/Core/Src/main.c.obj
 .text.StartDefaultTask
                0x08000bd8       0x12 CMakeFiles/STM32_4.elf.dir/Core/Src/main.c.obj
                0x08000bd8                StartDefaultTask
 *fill*         0x08000bea        0x2 
 .text.StartTask_CC1101_M
                0x08000bec       0xf0 CMakeFiles/STM32_4.elf.dir/Core/Src/main.c.obj
                0x08000bec                StartTask_CC1101_M
 .text.StartTask_CC1101_S
                0x08000cdc       0xa0 CMakeFiles/STM32_4.elf.dir/Core/Src/main.c.obj
                0x08000cdc                StartTask_CC1101_S
 .text.HAL_TIM_PeriodElapsedCallback
                0x08000d7c       0x24 CMakeFiles/STM32_4.elf.dir/Core/Src/main.c.obj
                0x08000d7c                HAL_TIM_PeriodElapsedCallback
 .text.Error_Handler
                0x08000da0        0xa CMakeFiles/STM32_4.elf.dir/Core/Src/main.c.obj
                0x08000da0                Error_Handler
 *fill*         0x08000daa        0x2 
 .text.RetargetInit
                0x08000dac       0x30 CMakeFiles/STM32_4.elf.dir/Core/Src/retarget.c.obj
                0x08000dac                RetargetInit
 .text._isatty  0x08000ddc       0x2c CMakeFiles/STM32_4.elf.dir/Core/Src/retarget.c.obj
                0x08000ddc                _isatty
 .text._write   0x08000e08       0x58 CMakeFiles/STM32_4.elf.dir/Core/Src/retarget.c.obj
                0x08000e08                _write
 .text._close   0x08000e60       0x2e CMakeFiles/STM32_4.elf.dir/Core/Src/retarget.c.obj
                0x08000e60                _close
 .text._lseek   0x08000e8e       0x22 CMakeFiles/STM32_4.elf.dir/Core/Src/retarget.c.obj
                0x08000e8e                _lseek
 .text._read    0x08000eb0       0x50 CMakeFiles/STM32_4.elf.dir/Core/Src/retarget.c.obj
                0x08000eb0                _read
 .text._fstat   0x08000f00       0x36 CMakeFiles/STM32_4.elf.dir/Core/Src/retarget.c.obj
                0x08000f00                _fstat
 *fill*         0x08000f36        0x2 
 .text.HAL_MspInit
                0x08000f38       0x58 CMakeFiles/STM32_4.elf.dir/Core/Src/stm32f4xx_hal_msp.c.obj
                0x08000f38                HAL_MspInit
 .text.HAL_SPI_MspInit
                0x08000f90       0xfc CMakeFiles/STM32_4.elf.dir/Core/Src/stm32f4xx_hal_msp.c.obj
                0x08000f90                HAL_SPI_MspInit
 .text.HAL_UART_MspInit
                0x0800108c       0x90 CMakeFiles/STM32_4.elf.dir/Core/Src/stm32f4xx_hal_msp.c.obj
                0x0800108c                HAL_UART_MspInit
 .text.HAL_InitTick
                0x0800111c       0xb0 CMakeFiles/STM32_4.elf.dir/Core/Src/stm32f4xx_hal_timebase_tim.c.obj
                0x0800111c                HAL_InitTick
 .text.NMI_Handler
                0x080011cc        0x6 CMakeFiles/STM32_4.elf.dir/Core/Src/stm32f4xx_it.c.obj
                0x080011cc                NMI_Handler
 .text.HardFault_Handler
                0x080011d2        0x6 CMakeFiles/STM32_4.elf.dir/Core/Src/stm32f4xx_it.c.obj
                0x080011d2                HardFault_Handler
 .text.MemManage_Handler
                0x080011d8        0x6 CMakeFiles/STM32_4.elf.dir/Core/Src/stm32f4xx_it.c.obj
                0x080011d8                MemManage_Handler
 .text.BusFault_Handler
                0x080011de        0x6 CMakeFiles/STM32_4.elf.dir/Core/Src/stm32f4xx_it.c.obj
                0x080011de                BusFault_Handler
 .text.UsageFault_Handler
                0x080011e4        0x6 CMakeFiles/STM32_4.elf.dir/Core/Src/stm32f4xx_it.c.obj
                0x080011e4                UsageFault_Handler
 .text.DebugMon_Handler
                0x080011ea        0xe CMakeFiles/STM32_4.elf.dir/Core/Src/stm32f4xx_it.c.obj
                0x080011ea                DebugMon_Handler
 .text.TIM6_DAC_IRQHandler
                0x080011f8       0x14 CMakeFiles/STM32_4.elf.dir/Core/Src/stm32f4xx_it.c.obj
                0x080011f8                TIM6_DAC_IRQHandler
 .text._sbrk    0x0800120c       0x58 CMakeFiles/STM32_4.elf.dir/Core/Src/syscalls.c.obj
                0x0800120c                _sbrk
 .text.SystemInit
                0x08001264       0x24 CMakeFiles/STM32_4.elf.dir/Core/Src/system_stm32f4xx.c.obj
                0x08001264                SystemInit
 .text.CC1101_Send
                0x08001288       0x3e CMakeFiles/STM32_4.elf.dir/Drivers/CC1101/Src/CC1101.c.obj
                0x08001288                CC1101_Send
 .text.CC1101_Fetch
                0x080012c6       0x36 CMakeFiles/STM32_4.elf.dir/Drivers/CC1101/Src/CC1101.c.obj
                0x080012c6                CC1101_Fetch
 .text.Frame_Write
                0x080012fc       0x54 CMakeFiles/STM32_4.elf.dir/Drivers/CC1101/Src/CC1101.c.obj
                0x080012fc                Frame_Write
 .text.Frame_Read
                0x08001350       0x58 CMakeFiles/STM32_4.elf.dir/Drivers/CC1101/Src/CC1101.c.obj
                0x08001350                Frame_Read
 .text.CC1101_Write_Cmd
                0x080013a8       0x32 CMakeFiles/STM32_4.elf.dir/Drivers/CC1101/Src/CC1101.c.obj
 .text.CC1101_Write_Reg
                0x080013da       0x44 CMakeFiles/STM32_4.elf.dir/Drivers/CC1101/Src/CC1101.c.obj
 .text.CC1101_Write_Multi_Reg
                0x0800141e       0x66 CMakeFiles/STM32_4.elf.dir/Drivers/CC1101/Src/CC1101.c.obj
 .text.CC1101_Read_Reg
                0x08001484       0x4e CMakeFiles/STM32_4.elf.dir/Drivers/CC1101/Src/CC1101.c.obj
 .text.CC1101_Read_Status
                0x080014d2       0x4e CMakeFiles/STM32_4.elf.dir/Drivers/CC1101/Src/CC1101.c.obj
                0x080014d2                CC1101_Read_Status
 .text.CC1101_Read_Multi_Reg
                0x08001520       0x68 CMakeFiles/STM32_4.elf.dir/Drivers/CC1101/Src/CC1101.c.obj
 .text.CC1101_Set_Mode
                0x08001588       0x4c CMakeFiles/STM32_4.elf.dir/Drivers/CC1101/Src/CC1101.c.obj
                0x08001588                CC1101_Set_Mode
 .text.CC1101_Set_Idle_Mode
                0x080015d4       0x18 CMakeFiles/STM32_4.elf.dir/Drivers/CC1101/Src/CC1101.c.obj
 .text.CC1101_Set_Address
                0x080015ec       0x84 CMakeFiles/STM32_4.elf.dir/Drivers/CC1101/Src/CC1101.c.obj
 .text.CC1101_Set_Sync
                0x08001670       0x34 CMakeFiles/STM32_4.elf.dir/Drivers/CC1101/Src/CC1101.c.obj
 .text.CC1101_Clear_TxBuffer
                0x080016a4       0x1e CMakeFiles/STM32_4.elf.dir/Drivers/CC1101/Src/CC1101.c.obj
 .text.CC1101_Clear_RxBuffer
                0x080016c2       0x1e CMakeFiles/STM32_4.elf.dir/Drivers/CC1101/Src/CC1101.c.obj
 .text.CC1101_Tx_Packet
                0x080016e0       0xd4 CMakeFiles/STM32_4.elf.dir/Drivers/CC1101/Src/CC1101.c.obj
 .text.CC1101_Get_RxCounter
                0x080017b4       0x20 CMakeFiles/STM32_4.elf.dir/Drivers/CC1101/Src/CC1101.c.obj
 .text.CC1101_Rx_Packet
                0x080017d4       0xee CMakeFiles/STM32_4.elf.dir/Drivers/CC1101/Src/CC1101.c.obj
 .text.CC1101_Reset
                0x080018c2       0x36 CMakeFiles/STM32_4.elf.dir/Drivers/CC1101/Src/CC1101.c.obj
 .text.CC1101_Init
                0x080018f8       0x74 CMakeFiles/STM32_4.elf.dir/Drivers/CC1101/Src/CC1101.c.obj
                0x080018f8                CC1101_Init
 .text.spi_read_write_byte
                0x0800196c       0x38 CMakeFiles/STM32_4.elf.dir/Drivers/CC1101/Src/CC1101.c.obj
 .text.SET_CSN  0x080019a4       0x48 CMakeFiles/STM32_4.elf.dir/Drivers/CC1101/Src/CC1101.c.obj
 .text.GET_GDO0_STATUS
                0x080019ec       0x2a CMakeFiles/STM32_4.elf.dir/Drivers/CC1101/Src/CC1101.c.obj
 .text.read_status
                0x08001a16       0x1a CMakeFiles/STM32_4.elf.dir/Drivers/CC1101/Src/CC1101.c.obj
                0x08001a16                read_status
 .text.HAL_Init
                0x08001a30       0x44 CMakeFiles/STM32_4.elf.dir/Drivers/STM32F4xx_HAL_Driver/Src/stm32f4xx_hal.c.obj
                0x08001a30                HAL_Init
 .text.HAL_IncTick
                0x08001a74       0x28 CMakeFiles/STM32_4.elf.dir/Drivers/STM32F4xx_HAL_Driver/Src/stm32f4xx_hal.c.obj
                0x08001a74                HAL_IncTick
 .text.HAL_GetTick
                0x08001a9c       0x18 CMakeFiles/STM32_4.elf.dir/Drivers/STM32F4xx_HAL_Driver/Src/stm32f4xx_hal.c.obj
                0x08001a9c                HAL_GetTick
 .text.HAL_Delay
                0x08001ab4       0x48 CMakeFiles/STM32_4.elf.dir/Drivers/STM32F4xx_HAL_Driver/Src/stm32f4xx_hal.c.obj
                0x08001ab4                HAL_Delay
 .text.__NVIC_SetPriorityGrouping
                0x08001afc       0x48 CMakeFiles/STM32_4.elf.dir/Drivers/STM32F4xx_HAL_Driver/Src/stm32f4xx_hal_cortex.c.obj
 .text.__NVIC_GetPriorityGrouping
                0x08001b44       0x1c CMakeFiles/STM32_4.elf.dir/Drivers/STM32F4xx_HAL_Driver/Src/stm32f4xx_hal_cortex.c.obj
 .text.__NVIC_EnableIRQ
                0x08001b60       0x3c CMakeFiles/STM32_4.elf.dir/Drivers/STM32F4xx_HAL_Driver/Src/stm32f4xx_hal_cortex.c.obj
 .text.__NVIC_SetPriority
                0x08001b9c       0x54 CMakeFiles/STM32_4.elf.dir/Drivers/STM32F4xx_HAL_Driver/Src/stm32f4xx_hal_cortex.c.obj
 .text.NVIC_EncodePriority
                0x08001bf0       0x66 CMakeFiles/STM32_4.elf.dir/Drivers/STM32F4xx_HAL_Driver/Src/stm32f4xx_hal_cortex.c.obj
 .text.HAL_NVIC_SetPriorityGrouping
                0x08001c56       0x16 CMakeFiles/STM32_4.elf.dir/Drivers/STM32F4xx_HAL_Driver/Src/stm32f4xx_hal_cortex.c.obj
                0x08001c56                HAL_NVIC_SetPriorityGrouping
 .text.HAL_NVIC_SetPriority
                0x08001c6c       0x38 CMakeFiles/STM32_4.elf.dir/Drivers/STM32F4xx_HAL_Driver/Src/stm32f4xx_hal_cortex.c.obj
                0x08001c6c                HAL_NVIC_SetPriority
 .text.HAL_NVIC_EnableIRQ
                0x08001ca4       0x1c CMakeFiles/STM32_4.elf.dir/Drivers/STM32F4xx_HAL_Driver/Src/stm32f4xx_hal_cortex.c.obj
                0x08001ca4                HAL_NVIC_EnableIRQ
 .text.HAL_GPIO_Init
                0x08001cc0      0x338 CMakeFiles/STM32_4.elf.dir/Drivers/STM32F4xx_HAL_Driver/Src/stm32f4xx_hal_gpio.c.obj
                0x08001cc0                HAL_GPIO_Init
 .text.HAL_GPIO_WritePin
                0x08001ff8       0x32 CMakeFiles/STM32_4.elf.dir/Drivers/STM32F4xx_HAL_Driver/Src/stm32f4xx_hal_gpio.c.obj
                0x08001ff8                HAL_GPIO_WritePin
 *fill*         0x0800202a        0x2 
 .text.HAL_RCC_OscConfig
                0x0800202c      0x4f0 CMakeFiles/STM32_4.elf.dir/Drivers/STM32F4xx_HAL_Driver/Src/stm32f4xx_hal_rcc.c.obj
                0x0800202c                HAL_RCC_OscConfig
 .text.HAL_RCC_ClockConfig
                0x0800251c      0x1cc CMakeFiles/STM32_4.elf.dir/Drivers/STM32F4xx_HAL_Driver/Src/stm32f4xx_hal_rcc.c.obj
                0x0800251c                HAL_RCC_ClockConfig
 .text.HAL_RCC_GetSysClockFreq
                0x080026e8      0x18c CMakeFiles/STM32_4.elf.dir/Drivers/STM32F4xx_HAL_Driver/Src/stm32f4xx_hal_rcc.c.obj
                0x080026e8                HAL_RCC_GetSysClockFreq
 .text.HAL_RCC_GetHCLKFreq
                0x08002874       0x18 CMakeFiles/STM32_4.elf.dir/Drivers/STM32F4xx_HAL_Driver/Src/stm32f4xx_hal_rcc.c.obj
                0x08002874                HAL_RCC_GetHCLKFreq
 .text.HAL_RCC_GetPCLK1Freq
                0x0800288c       0x28 CMakeFiles/STM32_4.elf.dir/Drivers/STM32F4xx_HAL_Driver/Src/stm32f4xx_hal_rcc.c.obj
                0x0800288c                HAL_RCC_GetPCLK1Freq
 .text.HAL_RCC_GetPCLK2Freq
                0x080028b4       0x28 CMakeFiles/STM32_4.elf.dir/Drivers/STM32F4xx_HAL_Driver/Src/stm32f4xx_hal_rcc.c.obj
                0x080028b4                HAL_RCC_GetPCLK2Freq
 .text.HAL_RCC_GetClockConfig
                0x080028dc       0x64 CMakeFiles/STM32_4.elf.dir/Drivers/STM32F4xx_HAL_Driver/Src/stm32f4xx_hal_rcc.c.obj
                0x080028dc                HAL_RCC_GetClockConfig
 .text.HAL_SPI_Init
                0x08002940      0x112 CMakeFiles/STM32_4.elf.dir/Drivers/STM32F4xx_HAL_Driver/Src/stm32f4xx_hal_spi.c.obj
                0x08002940                HAL_SPI_Init
 .text.HAL_SPI_TransmitReceive
                0x08002a52      0x344 CMakeFiles/STM32_4.elf.dir/Drivers/STM32F4xx_HAL_Driver/Src/stm32f4xx_hal_spi.c.obj
                0x08002a52                HAL_SPI_TransmitReceive
 *fill*         0x08002d96        0x2 
 .text.SPI_WaitFlagStateUntilTimeout
                0x08002d98      0x110 CMakeFiles/STM32_4.elf.dir/Drivers/STM32F4xx_HAL_Driver/Src/stm32f4xx_hal_spi.c.obj
 .text.SPI_EndRxTxTransaction
                0x08002ea8       0x84 CMakeFiles/STM32_4.elf.dir/Drivers/STM32F4xx_HAL_Driver/Src/stm32f4xx_hal_spi.c.obj
 .text.HAL_TIM_Base_Init
                0x08002f2c       0x9e CMakeFiles/STM32_4.elf.dir/Drivers/STM32F4xx_HAL_Driver/Src/stm32f4xx_hal_tim.c.obj
                0x08002f2c                HAL_TIM_Base_Init
 .text.HAL_TIM_Base_MspInit
                0x08002fca       0x14 CMakeFiles/STM32_4.elf.dir/Drivers/STM32F4xx_HAL_Driver/Src/stm32f4xx_hal_tim.c.obj
                0x08002fca                HAL_TIM_Base_MspInit
 *fill*         0x08002fde        0x2 
 .text.HAL_TIM_Base_Start_IT
                0x08002fe0       0xe0 CMakeFiles/STM32_4.elf.dir/Drivers/STM32F4xx_HAL_Driver/Src/stm32f4xx_hal_tim.c.obj
                0x08002fe0                HAL_TIM_Base_Start_IT
 .text.HAL_TIM_IRQHandler
                0x080030c0      0x210 CMakeFiles/STM32_4.elf.dir/Drivers/STM32F4xx_HAL_Driver/Src/stm32f4xx_hal_tim.c.obj
                0x080030c0                HAL_TIM_IRQHandler
 .text.HAL_TIM_OC_DelayElapsedCallback
                0x080032d0       0x14 CMakeFiles/STM32_4.elf.dir/Drivers/STM32F4xx_HAL_Driver/Src/stm32f4xx_hal_tim.c.obj
                0x080032d0                HAL_TIM_OC_DelayElapsedCallback
 .text.HAL_TIM_IC_CaptureCallback
                0x080032e4       0x14 CMakeFiles/STM32_4.elf.dir/Drivers/STM32F4xx_HAL_Driver/Src/stm32f4xx_hal_tim.c.obj
                0x080032e4                HAL_TIM_IC_CaptureCallback
 .text.HAL_TIM_PWM_PulseFinishedCallback
                0x080032f8       0x14 CMakeFiles/STM32_4.elf.dir/Drivers/STM32F4xx_HAL_Driver/Src/stm32f4xx_hal_tim.c.obj
                0x080032f8                HAL_TIM_PWM_PulseFinishedCallback
 .text.HAL_TIM_TriggerCallback
                0x0800330c       0x14 CMakeFiles/STM32_4.elf.dir/Drivers/STM32F4xx_HAL_Driver/Src/stm32f4xx_hal_tim.c.obj
                0x0800330c                HAL_TIM_TriggerCallback
 .text.TIM_Base_SetConfig
                0x08003320      0x140 CMakeFiles/STM32_4.elf.dir/Drivers/STM32F4xx_HAL_Driver/Src/stm32f4xx_hal_tim.c.obj
                0x08003320                TIM_Base_SetConfig
 .text.HAL_TIMEx_CommutCallback
                0x08003460       0x14 CMakeFiles/STM32_4.elf.dir/Drivers/STM32F4xx_HAL_Driver/Src/stm32f4xx_hal_tim_ex.c.obj
                0x08003460                HAL_TIMEx_CommutCallback
 .text.HAL_TIMEx_BreakCallback
                0x08003474       0x14 CMakeFiles/STM32_4.elf.dir/Drivers/STM32F4xx_HAL_Driver/Src/stm32f4xx_hal_tim_ex.c.obj
                0x08003474                HAL_TIMEx_BreakCallback
 .text.HAL_UART_Init
                0x08003488       0x9a CMakeFiles/STM32_4.elf.dir/Drivers/STM32F4xx_HAL_Driver/Src/stm32f4xx_hal_uart.c.obj
                0x08003488                HAL_UART_Init
 .text.HAL_UART_Transmit
                0x08003522      0x124 CMakeFiles/STM32_4.elf.dir/Drivers/STM32F4xx_HAL_Driver/Src/stm32f4xx_hal_uart.c.obj
                0x08003522                HAL_UART_Transmit
 .text.HAL_UART_Receive
                0x08003646      0x144 CMakeFiles/STM32_4.elf.dir/Drivers/STM32F4xx_HAL_Driver/Src/stm32f4xx_hal_uart.c.obj
                0x08003646                HAL_UART_Receive
 .text.UART_WaitOnFlagUntilTimeout
                0x0800378a       0x94 CMakeFiles/STM32_4.elf.dir/Drivers/STM32F4xx_HAL_Driver/Src/stm32f4xx_hal_uart.c.obj
 *fill*         0x0800381e        0x2 
 .text.UART_SetConfig
                0x08003820      0x4e8 CMakeFiles/STM32_4.elf.dir/Drivers/STM32F4xx_HAL_Driver/Src/stm32f4xx_hal_uart.c.obj
 .text.makeFreeRtosPriority
                0x08003d08       0x30 CMakeFiles/STM32_4.elf.dir/Middlewares/Third_Party/FreeRTOS/Source/CMSIS_RTOS/cmsis_os.c.obj
 .text.osKernelStart
                0x08003d38        0xe CMakeFiles/STM32_4.elf.dir/Middlewares/Third_Party/FreeRTOS/Source/CMSIS_RTOS/cmsis_os.c.obj
                0x08003d38                osKernelStart
 .text.osThreadCreate
                0x08003d46       0x98 CMakeFiles/STM32_4.elf.dir/Middlewares/Third_Party/FreeRTOS/Source/CMSIS_RTOS/cmsis_os.c.obj
                0x08003d46                osThreadCreate
 .text.osDelay  0x08003dde       0x28 CMakeFiles/STM32_4.elf.dir/Middlewares/Third_Party/FreeRTOS/Source/CMSIS_RTOS/cmsis_os.c.obj
                0x08003dde                osDelay
 .text.vListInitialise
                0x08003e06       0x40 CMakeFiles/STM32_4.elf.dir/Middlewares/Third_Party/FreeRTOS/Source/list.c.obj
                0x08003e06                vListInitialise
 .text.vListInitialiseItem
                0x08003e46       0x1a CMakeFiles/STM32_4.elf.dir/Middlewares/Third_Party/FreeRTOS/Source/list.c.obj
                0x08003e46                vListInitialiseItem
 .text.vListInsertEnd
                0x08003e60       0x48 CMakeFiles/STM32_4.elf.dir/Middlewares/Third_Party/FreeRTOS/Source/list.c.obj
                0x08003e60                vListInsertEnd
 .text.vListInsert
                0x08003ea8       0x72 CMakeFiles/STM32_4.elf.dir/Middlewares/Third_Party/FreeRTOS/Source/list.c.obj
                0x08003ea8                vListInsert
 .text.uxListRemove
                0x08003f1a       0x54 CMakeFiles/STM32_4.elf.dir/Middlewares/Third_Party/FreeRTOS/Source/list.c.obj
                0x08003f1a                uxListRemove
 *fill*         0x08003f6e        0x2 
 .text.pxPortInitialiseStack
                0x08003f70       0x68 CMakeFiles/STM32_4.elf.dir/Middlewares/Third_Party/FreeRTOS/Source/portable/GCC/ARM_CM4F/port.c.obj
                0x08003f70                pxPortInitialiseStack
 .text.prvTaskExitError
                0x08003fd8       0x58 CMakeFiles/STM32_4.elf.dir/Middlewares/Third_Party/FreeRTOS/Source/portable/GCC/ARM_CM4F/port.c.obj
 .text.SVC_Handler
                0x08004030       0x28 CMakeFiles/STM32_4.elf.dir/Middlewares/Third_Party/FreeRTOS/Source/portable/GCC/ARM_CM4F/port.c.obj
                0x08004030                SVC_Handler
 .text.prvPortStartFirstTask
                0x08004058       0x28 CMakeFiles/STM32_4.elf.dir/Middlewares/Third_Party/FreeRTOS/Source/portable/GCC/ARM_CM4F/port.c.obj
 .text.xPortStartScheduler
                0x08004080      0x144 CMakeFiles/STM32_4.elf.dir/Middlewares/Third_Party/FreeRTOS/Source/portable/GCC/ARM_CM4F/port.c.obj
                0x08004080                xPortStartScheduler
 .text.vPortEnterCritical
                0x080041c4       0x60 CMakeFiles/STM32_4.elf.dir/Middlewares/Third_Party/FreeRTOS/Source/portable/GCC/ARM_CM4F/port.c.obj
                0x080041c4                vPortEnterCritical
 .text.vPortExitCritical
                0x08004224       0x54 CMakeFiles/STM32_4.elf.dir/Middlewares/Third_Party/FreeRTOS/Source/portable/GCC/ARM_CM4F/port.c.obj
                0x08004224                vPortExitCritical
 *fill*         0x08004278        0x8 
 .text.PendSV_Handler
                0x08004280       0x68 CMakeFiles/STM32_4.elf.dir/Middlewares/Third_Party/FreeRTOS/Source/portable/GCC/ARM_CM4F/port.c.obj
                0x08004280                PendSV_Handler
 .text.SysTick_Handler
                0x080042e8       0x44 CMakeFiles/STM32_4.elf.dir/Middlewares/Third_Party/FreeRTOS/Source/portable/GCC/ARM_CM4F/port.c.obj
                0x080042e8                SysTick_Handler
 .text.vPortSetupTimerInterrupt
                0x0800432c       0x48 CMakeFiles/STM32_4.elf.dir/Middlewares/Third_Party/FreeRTOS/Source/portable/GCC/ARM_CM4F/port.c.obj
                0x0800432c                vPortSetupTimerInterrupt
 .text.vPortEnableVFP
                0x08004374       0x14 CMakeFiles/STM32_4.elf.dir/Middlewares/Third_Party/FreeRTOS/Source/portable/GCC/ARM_CM4F/port.c.obj
 .text.pvPortMalloc
                0x08004388      0x198 CMakeFiles/STM32_4.elf.dir/Middlewares/Third_Party/FreeRTOS/Source/portable/MemMang/heap_4.c.obj
                0x08004388                pvPortMalloc
 .text.vPortFree
                0x08004520       0xc4 CMakeFiles/STM32_4.elf.dir/Middlewares/Third_Party/FreeRTOS/Source/portable/MemMang/heap_4.c.obj
                0x08004520                vPortFree
 .text.prvHeapInit
                0x080045e4       0xc4 CMakeFiles/STM32_4.elf.dir/Middlewares/Third_Party/FreeRTOS/Source/portable/MemMang/heap_4.c.obj
 .text.prvInsertBlockIntoFreeList
                0x080046a8       0xb4 CMakeFiles/STM32_4.elf.dir/Middlewares/Third_Party/FreeRTOS/Source/portable/MemMang/heap_4.c.obj
 .text.xTaskCreateStatic
                0x0800475c       0xba CMakeFiles/STM32_4.elf.dir/Middlewares/Third_Party/FreeRTOS/Source/tasks.c.obj
                0x0800475c                xTaskCreateStatic
 .text.xTaskCreate
                0x08004816       0x8a CMakeFiles/STM32_4.elf.dir/Middlewares/Third_Party/FreeRTOS/Source/tasks.c.obj
                0x08004816                xTaskCreate
 .text.prvInitialiseNewTask
                0x080048a0      0x10e CMakeFiles/STM32_4.elf.dir/Middlewares/Third_Party/FreeRTOS/Source/tasks.c.obj
 *fill*         0x080049ae        0x2 
 .text.prvAddNewTaskToReadyList
                0x080049b0       0xd4 CMakeFiles/STM32_4.elf.dir/Middlewares/Third_Party/FreeRTOS/Source/tasks.c.obj
 .text.vTaskDelay
                0x08004a84       0x68 CMakeFiles/STM32_4.elf.dir/Middlewares/Third_Party/FreeRTOS/Source/tasks.c.obj
                0x08004a84                vTaskDelay
 .text.vTaskStartScheduler
                0x08004aec       0xc0 CMakeFiles/STM32_4.elf.dir/Middlewares/Third_Party/FreeRTOS/Source/tasks.c.obj
                0x08004aec                vTaskStartScheduler
 .text.vTaskSuspendAll
                0x08004bac       0x1c CMakeFiles/STM32_4.elf.dir/Middlewares/Third_Party/FreeRTOS/Source/tasks.c.obj
                0x08004bac                vTaskSuspendAll
 .text.xTaskResumeAll
                0x08004bc8      0x138 CMakeFiles/STM32_4.elf.dir/Middlewares/Third_Party/FreeRTOS/Source/tasks.c.obj
                0x08004bc8                xTaskResumeAll
 .text.xTaskIncrementTick
                0x08004d00      0x170 CMakeFiles/STM32_4.elf.dir/Middlewares/Third_Party/FreeRTOS/Source/tasks.c.obj
                0x08004d00                xTaskIncrementTick
 .text.vTaskSwitchContext
                0x08004e70       0xb8 CMakeFiles/STM32_4.elf.dir/Middlewares/Third_Party/FreeRTOS/Source/tasks.c.obj
                0x08004e70                vTaskSwitchContext
 .text.prvIdleTask
                0x08004f28       0x30 CMakeFiles/STM32_4.elf.dir/Middlewares/Third_Party/FreeRTOS/Source/tasks.c.obj
 .text.prvInitialiseTaskLists
                0x08004f58       0x80 CMakeFiles/STM32_4.elf.dir/Middlewares/Third_Party/FreeRTOS/Source/tasks.c.obj
 .text.prvCheckTasksWaitingTermination
                0x08004fd8       0x5c CMakeFiles/STM32_4.elf.dir/Middlewares/Third_Party/FreeRTOS/Source/tasks.c.obj
 .text.prvDeleteTCB
                0x08005034       0x5e CMakeFiles/STM32_4.elf.dir/Middlewares/Third_Party/FreeRTOS/Source/tasks.c.obj
 *fill*         0x08005092        0x2 
 .text.prvResetNextTaskUnblockTime
                0x08005094       0x40 CMakeFiles/STM32_4.elf.dir/Middlewares/Third_Party/FreeRTOS/Source/tasks.c.obj
 .text.prvAddCurrentTaskToDelayedList
                0x080050d4       0xcc CMakeFiles/STM32_4.elf.dir/Middlewares/Third_Party/FreeRTOS/Source/tasks.c.obj
 .text.Reset_Handler
                0x080051a0       0x50 CMakeFiles/STM32_4.elf.dir/startup/startup_stm32f407xx.s.obj
                0x080051a0                Reset_Handler
 .text.Default_Handler
                0x080051f0        0x2 CMakeFiles/STM32_4.elf.dir/startup/startup_stm32f407xx.s.obj
                0x080051f0                RTC_Alarm_IRQHandler
                0x080051f0                HASH_RNG_IRQHandler
                0x080051f0                EXTI2_IRQHandler
                0x080051f0                TIM8_CC_IRQHandler
                0x080051f0                TIM1_CC_IRQHandler
                0x080051f0                DMA2_Stream5_IRQHandler
                0x080051f0                DMA1_Stream5_IRQHandler
                0x080051f0                PVD_IRQHandler
                0x080051f0                SDIO_IRQHandler
                0x080051f0                TAMP_STAMP_IRQHandler
                0x080051f0                CAN2_RX1_IRQHandler
                0x080051f0                EXTI3_IRQHandler
                0x080051f0                TIM8_TRG_COM_TIM14_IRQHandler
                0x080051f0                TIM1_UP_TIM10_IRQHandler
                0x080051f0                TIM8_UP_TIM13_IRQHandler
                0x080051f0                I2C3_ER_IRQHandler
                0x080051f0                EXTI0_IRQHandler
                0x080051f0                I2C2_EV_IRQHandler
                0x080051f0                DMA1_Stream2_IRQHandler
                0x080051f0                CAN1_RX0_IRQHandler
                0x080051f0                FPU_IRQHandler
                0x080051f0                OTG_HS_WKUP_IRQHandler
                0x080051f0                CAN2_SCE_IRQHandler
                0x080051f0                DMA2_Stream2_IRQHandler
                0x080051f0                SPI1_IRQHandler
                0x080051f0                TIM1_BRK_TIM9_IRQHandler
                0x080051f0                DCMI_IRQHandler
                0x080051f0                CAN2_RX0_IRQHandler
                0x080051f0                DMA2_Stream3_IRQHandler
                0x080051f0                USART6_IRQHandler
                0x080051f0                USART3_IRQHandler
                0x080051f0                CAN1_RX1_IRQHandler
                0x080051f0                UART5_IRQHandler
                0x080051f0                DMA2_Stream0_IRQHandler
                0x080051f0                TIM4_IRQHandler
                0x080051f0                I2C1_EV_IRQHandler
                0x080051f0                DMA1_Stream6_IRQHandler
                0x080051f0                DMA1_Stream1_IRQHandler
                0x080051f0                UART4_IRQHandler
                0x080051f0                TIM3_IRQHandler
                0x080051f0                RCC_IRQHandler
                0x080051f0                TIM8_BRK_TIM12_IRQHandler
                0x080051f0                Default_Handler
                0x080051f0                EXTI15_10_IRQHandler
                0x080051f0                ADC_IRQHandler
                0x080051f0                DMA1_Stream7_IRQHandler
                0x080051f0                TIM7_IRQHandler
                0x080051f0                CAN2_TX_IRQHandler
                0x080051f0                TIM5_IRQHandler
                0x080051f0                DMA2_Stream7_IRQHandler
                0x080051f0                I2C3_EV_IRQHandler
                0x080051f0                EXTI9_5_IRQHandler
                0x080051f0                RTC_WKUP_IRQHandler
                0x080051f0                ETH_WKUP_IRQHandler
                0x080051f0                SPI2_IRQHandler
                0x080051f0                OTG_HS_EP1_IN_IRQHandler
                0x080051f0                DMA1_Stream0_IRQHandler
                0x080051f0                CAN1_TX_IRQHandler
                0x080051f0                EXTI4_IRQHandler
                0x080051f0                FSMC_IRQHandler
                0x080051f0                ETH_IRQHandler
                0x080051f0                OTG_HS_EP1_OUT_IRQHandler
                0x080051f0                WWDG_IRQHandler
                0x080051f0                TIM2_IRQHandler
                0x080051f0                OTG_FS_WKUP_IRQHandler
                0x080051f0                TIM1_TRG_COM_TIM11_IRQHandler
                0x080051f0                OTG_HS_IRQHandler
                0x080051f0                EXTI1_IRQHandler
                0x080051f0                USART2_IRQHandler
                0x080051f0                I2C2_ER_IRQHandler
                0x080051f0                DMA2_Stream1_IRQHandler
                0x080051f0                CAN1_SCE_IRQHandler
                0x080051f0                FLASH_IRQHandler
                0x080051f0                DMA2_Stream4_IRQHandler
                0x080051f0                USART1_IRQHandler
                0x080051f0                OTG_FS_IRQHandler
                0x080051f0                SPI3_IRQHandler
                0x080051f0                DMA1_Stream4_IRQHandler
                0x080051f0                I2C1_ER_IRQHandler
                0x080051f0                DMA2_Stream6_IRQHandler
                0x080051f0                DMA1_Stream3_IRQHandler
 *fill*         0x080051f2        0x2 
 .text.__errno  0x080051f4        0xc d:/programfiles/mingw/arm_emb_tools/bin/../lib/gcc/arm-none-eabi/10.2.1/../../../../arm-none-eabi/lib/thumb/v7e-m+fp/hard\libg.a(lib_a-errno.o)
                0x080051f4                __errno
 .text.__libc_init_array
                0x08005200       0x48 d:/programfiles/mingw/arm_emb_tools/bin/../lib/gcc/arm-none-eabi/10.2.1/../../../../arm-none-eabi/lib/thumb/v7e-m+fp/hard\libg.a(lib_a-init.o)
                0x08005200                __libc_init_array
 .text.malloc   0x08005248       0x10 d:/programfiles/mingw/arm_emb_tools/bin/../lib/gcc/arm-none-eabi/10.2.1/../../../../arm-none-eabi/lib/thumb/v7e-m+fp/hard\libg.a(lib_a-malloc.o)
                0x08005248                malloc
 .text.free     0x08005258       0x10 d:/programfiles/mingw/arm_emb_tools/bin/../lib/gcc/arm-none-eabi/10.2.1/../../../../arm-none-eabi/lib/thumb/v7e-m+fp/hard\libg.a(lib_a-malloc.o)
                0x08005258                free
 .text._malloc_r
                0x08005268      0x560 d:/programfiles/mingw/arm_emb_tools/bin/../lib/gcc/arm-none-eabi/10.2.1/../../../../arm-none-eabi/lib/thumb/v7e-m+fp/hard\libg.a(lib_a-mallocr.o)
                0x08005268                _malloc_r
 .text.memset   0x080057c8       0xa4 d:/programfiles/mingw/arm_emb_tools/bin/../lib/gcc/arm-none-eabi/10.2.1/../../../../arm-none-eabi/lib/thumb/v7e-m+fp/hard\libg.a(lib_a-memset.o)
                0x080057c8                memset
 .text.__malloc_lock
                0x0800586c        0xc d:/programfiles/mingw/arm_emb_tools/bin/../lib/gcc/arm-none-eabi/10.2.1/../../../../arm-none-eabi/lib/thumb/v7e-m+fp/hard\libg.a(lib_a-mlock.o)
                0x0800586c                __malloc_lock
 .text.__malloc_unlock
                0x08005878        0xc d:/programfiles/mingw/arm_emb_tools/bin/../lib/gcc/arm-none-eabi/10.2.1/../../../../arm-none-eabi/lib/thumb/v7e-m+fp/hard\libg.a(lib_a-mlock.o)
                0x08005878                __malloc_unlock
 .text._puts_r  0x08005884       0x9c d:/programfiles/mingw/arm_emb_tools/bin/../lib/gcc/arm-none-eabi/10.2.1/../../../../arm-none-eabi/lib/thumb/v7e-m+fp/hard\libg.a(lib_a-puts.o)
                0x08005884                _puts_r
 .text.puts     0x08005920       0x10 d:/programfiles/mingw/arm_emb_tools/bin/../lib/gcc/arm-none-eabi/10.2.1/../../../../arm-none-eabi/lib/thumb/v7e-m+fp/hard\libg.a(lib_a-puts.o)
                0x08005920                puts
 .text._sbrk_r  0x08005930       0x24 d:/programfiles/mingw/arm_emb_tools/bin/../lib/gcc/arm-none-eabi/10.2.1/../../../../arm-none-eabi/lib/thumb/v7e-m+fp/hard\libg.a(lib_a-sbrkr.o)
                0x08005930                _sbrk_r
 .text.setvbuf  0x08005954      0x1b0 d:/programfiles/mingw/arm_emb_tools/bin/../lib/gcc/arm-none-eabi/10.2.1/../../../../arm-none-eabi/lib/thumb/v7e-m+fp/hard\libg.a(lib_a-setvbuf.o)
                0x08005954                setvbuf
 .text.startup.register_fini
                0x08005b04       0x14 d:/programfiles/mingw/arm_emb_tools/bin/../lib/gcc/arm-none-eabi/10.2.1/../../../../arm-none-eabi/lib/thumb/v7e-m+fp/hard\libg.a(lib_a-__call_atexit.o)
 .text.atexit   0x08005b18        0xc d:/programfiles/mingw/arm_emb_tools/bin/../lib/gcc/arm-none-eabi/10.2.1/../../../../arm-none-eabi/lib/thumb/v7e-m+fp/hard\libg.a(lib_a-atexit.o)
                0x08005b18                atexit
 .text.__sflush_r
                0x08005b24      0x130 d:/programfiles/mingw/arm_emb_tools/bin/../lib/gcc/arm-none-eabi/10.2.1/../../../../arm-none-eabi/lib/thumb/v7e-m+fp/hard\libg.a(lib_a-fflush.o)
                0x08005b24                __sflush_r
 .text._fflush_r
                0x08005c54       0x5c d:/programfiles/mingw/arm_emb_tools/bin/../lib/gcc/arm-none-eabi/10.2.1/../../../../arm-none-eabi/lib/thumb/v7e-m+fp/hard\libg.a(lib_a-fflush.o)
                0x08005c54                _fflush_r
 .text._cleanup_r
                0x08005cb0        0xc d:/programfiles/mingw/arm_emb_tools/bin/../lib/gcc/arm-none-eabi/10.2.1/../../../../arm-none-eabi/lib/thumb/v7e-m+fp/hard\libg.a(lib_a-findfp.o)
                0x08005cb0                _cleanup_r
 .text.__sinit  0x08005cbc      0x10c d:/programfiles/mingw/arm_emb_tools/bin/../lib/gcc/arm-none-eabi/10.2.1/../../../../arm-none-eabi/lib/thumb/v7e-m+fp/hard\libg.a(lib_a-findfp.o)
                0x08005cbc                __sinit
 .text.__sfp_lock_acquire
                0x08005dc8        0xc d:/programfiles/mingw/arm_emb_tools/bin/../lib/gcc/arm-none-eabi/10.2.1/../../../../arm-none-eabi/lib/thumb/v7e-m+fp/hard\libg.a(lib_a-findfp.o)
                0x08005dc8                __sfp_lock_acquire
 .text.__sfp_lock_release
                0x08005dd4        0xc d:/programfiles/mingw/arm_emb_tools/bin/../lib/gcc/arm-none-eabi/10.2.1/../../../../arm-none-eabi/lib/thumb/v7e-m+fp/hard\libg.a(lib_a-findfp.o)
                0x08005dd4                __sfp_lock_release
 .text.__libc_fini_array
                0x08005de0       0x2c d:/programfiles/mingw/arm_emb_tools/bin/../lib/gcc/arm-none-eabi/10.2.1/../../../../arm-none-eabi/lib/thumb/v7e-m+fp/hard\libg.a(lib_a-fini.o)
                0x08005de0                __libc_fini_array
 .text._malloc_trim_r
                0x08005e0c       0xa0 d:/programfiles/mingw/arm_emb_tools/bin/../lib/gcc/arm-none-eabi/10.2.1/../../../../arm-none-eabi/lib/thumb/v7e-m+fp/hard\libg.a(lib_a-freer.o)
                0x08005e0c                _malloc_trim_r
 .text._free_r  0x08005eac      0x20c d:/programfiles/mingw/arm_emb_tools/bin/../lib/gcc/arm-none-eabi/10.2.1/../../../../arm-none-eabi/lib/thumb/v7e-m+fp/hard\libg.a(lib_a-freer.o)
                0x08005eac                _free_r
 .text.__sfvwrite_r
                0x080060b8      0x2f0 d:/programfiles/mingw/arm_emb_tools/bin/../lib/gcc/arm-none-eabi/10.2.1/../../../../arm-none-eabi/lib/thumb/v7e-m+fp/hard\libg.a(lib_a-fvwrite.o)
                0x080060b8                __sfvwrite_r
 .text._fwalk_reent
                0x080063a8       0x48 d:/programfiles/mingw/arm_emb_tools/bin/../lib/gcc/arm-none-eabi/10.2.1/../../../../arm-none-eabi/lib/thumb/v7e-m+fp/hard\libg.a(lib_a-fwalk.o)
                0x080063a8                _fwalk_reent
 .text.__retarget_lock_init_recursive
                0x080063f0        0x4 d:/programfiles/mingw/arm_emb_tools/bin/../lib/gcc/arm-none-eabi/10.2.1/../../../../arm-none-eabi/lib/thumb/v7e-m+fp/hard\libg.a(lib_a-lock.o)
                0x080063f0                __retarget_lock_init_recursive
 .text.__retarget_lock_close_recursive
                0x080063f4        0x4 d:/programfiles/mingw/arm_emb_tools/bin/../lib/gcc/arm-none-eabi/10.2.1/../../../../arm-none-eabi/lib/thumb/v7e-m+fp/hard\libg.a(lib_a-lock.o)
                0x080063f4                __retarget_lock_close_recursive
 .text.__retarget_lock_acquire_recursive
                0x080063f8        0x4 d:/programfiles/mingw/arm_emb_tools/bin/../lib/gcc/arm-none-eabi/10.2.1/../../../../arm-none-eabi/lib/thumb/v7e-m+fp/hard\libg.a(lib_a-lock.o)
                0x080063f8                __retarget_lock_acquire_recursive
 .text.__retarget_lock_release_recursive
                0x080063fc        0x4 d:/programfiles/mingw/arm_emb_tools/bin/../lib/gcc/arm-none-eabi/10.2.1/../../../../arm-none-eabi/lib/thumb/v7e-m+fp/hard\libg.a(lib_a-lock.o)
                0x080063fc                __retarget_lock_release_recursive
 .text.__smakebuf_r
                0x08006400       0xe0 d:/programfiles/mingw/arm_emb_tools/bin/../lib/gcc/arm-none-eabi/10.2.1/../../../../arm-none-eabi/lib/thumb/v7e-m+fp/hard\libg.a(lib_a-makebuf.o)
                0x08006400                __smakebuf_r
 .text.__swhatbuf_r
                0x080064e0       0x60 d:/programfiles/mingw/arm_emb_tools/bin/../lib/gcc/arm-none-eabi/10.2.1/../../../../arm-none-eabi/lib/thumb/v7e-m+fp/hard\libg.a(lib_a-makebuf.o)
                0x080064e0                __swhatbuf_r
 .text.memmove  0x08006540       0xf8 d:/programfiles/mingw/arm_emb_tools/bin/../lib/gcc/arm-none-eabi/10.2.1/../../../../arm-none-eabi/lib/thumb/v7e-m+fp/hard\libg.a(lib_a-memmove.o)
                0x08006540                memmove
 .text._realloc_r
                0x08006638      0x3d8 d:/programfiles/mingw/arm_emb_tools/bin/../lib/gcc/arm-none-eabi/10.2.1/../../../../arm-none-eabi/lib/thumb/v7e-m+fp/hard\libg.a(lib_a-reallocr.o)
                0x08006638                _realloc_r
 .text.__sread  0x08006a10       0x24 d:/programfiles/mingw/arm_emb_tools/bin/../lib/gcc/arm-none-eabi/10.2.1/../../../../arm-none-eabi/lib/thumb/v7e-m+fp/hard\libg.a(lib_a-stdio.o)
                0x08006a10                __sread
 .text.__swrite
                0x08006a34       0x40 d:/programfiles/mingw/arm_emb_tools/bin/../lib/gcc/arm-none-eabi/10.2.1/../../../../arm-none-eabi/lib/thumb/v7e-m+fp/hard\libg.a(lib_a-stdio.o)
                0x08006a34                __swrite
 .text.__sseek  0x08006a74       0x20 d:/programfiles/mingw/arm_emb_tools/bin/../lib/gcc/arm-none-eabi/10.2.1/../../../../arm-none-eabi/lib/thumb/v7e-m+fp/hard\libg.a(lib_a-stdio.o)
                0x08006a74                __sseek
 .text.__sclose
                0x08006a94        0x8 d:/programfiles/mingw/arm_emb_tools/bin/../lib/gcc/arm-none-eabi/10.2.1/../../../../arm-none-eabi/lib/thumb/v7e-m+fp/hard\libg.a(lib_a-stdio.o)
                0x08006a94                __sclose
 .text._write_r
                0x08006a9c       0x2c d:/programfiles/mingw/arm_emb_tools/bin/../lib/gcc/arm-none-eabi/10.2.1/../../../../arm-none-eabi/lib/thumb/v7e-m+fp/hard\libg.a(lib_a-writer.o)
                0x08006a9c                _write_r
 .text.__swsetup_r
                0x08006ac8       0xd4 d:/programfiles/mingw/arm_emb_tools/bin/../lib/gcc/arm-none-eabi/10.2.1/../../../../arm-none-eabi/lib/thumb/v7e-m+fp/hard\libg.a(lib_a-wsetup.o)
                0x08006ac8                __swsetup_r
 .text.__register_exitproc
                0x08006b9c       0x8c d:/programfiles/mingw/arm_emb_tools/bin/../lib/gcc/arm-none-eabi/10.2.1/../../../../arm-none-eabi/lib/thumb/v7e-m+fp/hard\libg.a(lib_a-__atexit.o)
                0x08006b9c                __register_exitproc
 .text._close_r
                0x08006c28       0x24 d:/programfiles/mingw/arm_emb_tools/bin/../lib/gcc/arm-none-eabi/10.2.1/../../../../arm-none-eabi/lib/thumb/v7e-m+fp/hard\libg.a(lib_a-closer.o)
                0x08006c28                _close_r
 .text._fclose_r
                0x08006c4c       0xcc d:/programfiles/mingw/arm_emb_tools/bin/../lib/gcc/arm-none-eabi/10.2.1/../../../../arm-none-eabi/lib/thumb/v7e-m+fp/hard\libg.a(lib_a-fclose.o)
                0x08006c4c                _fclose_r
 .text._fstat_r
                0x08006d18       0x2c d:/programfiles/mingw/arm_emb_tools/bin/../lib/gcc/arm-none-eabi/10.2.1/../../../../arm-none-eabi/lib/thumb/v7e-m+fp/hard\libg.a(lib_a-fstatr.o)
                0x08006d18                _fstat_r
 .text._isatty_r
                0x08006d44       0x24 d:/programfiles/mingw/arm_emb_tools/bin/../lib/gcc/arm-none-eabi/10.2.1/../../../../arm-none-eabi/lib/thumb/v7e-m+fp/hard\libg.a(lib_a-isattyr.o)
                0x08006d44                _isatty_r
 .text._lseek_r
                0x08006d68       0x2c d:/programfiles/mingw/arm_emb_tools/bin/../lib/gcc/arm-none-eabi/10.2.1/../../../../arm-none-eabi/lib/thumb/v7e-m+fp/hard\libg.a(lib_a-lseekr.o)
                0x08006d68                _lseek_r
 .text._read_r  0x08006d94       0x2c d:/programfiles/mingw/arm_emb_tools/bin/../lib/gcc/arm-none-eabi/10.2.1/../../../../arm-none-eabi/lib/thumb/v7e-m+fp/hard\libg.a(lib_a-readr.o)
                0x08006d94                _read_r
 *(.glue_7)
 .glue_7        0x08006dc0        0x0 linker stubs
 *(.glue_7t)
 .glue_7t       0x08006dc0        0x0 linker stubs
 *(.eh_frame)
 .eh_frame      0x08006dc0        0x0 d:/programfiles/mingw/arm_emb_tools/bin/../lib/gcc/arm-none-eabi/10.2.1/thumb/v7e-m+fp/hard/crtbegin.o
 *(.init)
 .init          0x08006dc0        0x4 d:/programfiles/mingw/arm_emb_tools/bin/../lib/gcc/arm-none-eabi/10.2.1/thumb/v7e-m+fp/hard/crti.o
                0x08006dc0                _init
 .init          0x08006dc4        0x8 d:/programfiles/mingw/arm_emb_tools/bin/../lib/gcc/arm-none-eabi/10.2.1/thumb/v7e-m+fp/hard/crtn.o
 *(.fini)
 .fini          0x08006dcc        0x4 d:/programfiles/mingw/arm_emb_tools/bin/../lib/gcc/arm-none-eabi/10.2.1/thumb/v7e-m+fp/hard/crti.o
                0x08006dcc                _fini
 .fini          0x08006dd0        0x8 d:/programfiles/mingw/arm_emb_tools/bin/../lib/gcc/arm-none-eabi/10.2.1/thumb/v7e-m+fp/hard/crtn.o
                0x08006dd8                . = ALIGN (0x4)
                0x08006dd8                _etext = .

.vfp11_veneer   0x08006dd8        0x0
 .vfp11_veneer  0x08006dd8        0x0 linker stubs

.v4_bx          0x08006dd8        0x0
 .v4_bx         0x08006dd8        0x0 linker stubs

.iplt           0x08006dd8        0x0
 .iplt          0x08006dd8        0x0 d:/programfiles/mingw/arm_emb_tools/bin/../lib/gcc/arm-none-eabi/10.2.1/thumb/v7e-m+fp/hard/crtbegin.o

.rodata         0x08006dd8      0x118
                0x08006dd8                . = ALIGN (0x4)
 *(.rodata)
 .rodata        0x08006dd8       0xb9 CMakeFiles/STM32_4.elf.dir/Core/Src/main.c.obj
 *fill*         0x08006e91        0x3 
 .rodata        0x08006e94        0x5 CMakeFiles/STM32_4.elf.dir/Middlewares/Third_Party/FreeRTOS/Source/tasks.c.obj
 *(.rodata*)
 *fill*         0x08006e99        0x3 
 .rodata.AHBPrescTable
                0x08006e9c       0x10 CMakeFiles/STM32_4.elf.dir/Core/Src/system_stm32f4xx.c.obj
                0x08006e9c                AHBPrescTable
 .rodata.APBPrescTable
                0x08006eac        0x8 CMakeFiles/STM32_4.elf.dir/Core/Src/system_stm32f4xx.c.obj
                0x08006eac                APBPrescTable
 .rodata.PaTabel
                0x08006eb4        0x8 CMakeFiles/STM32_4.elf.dir/Drivers/CC1101/Src/CC1101.c.obj
 .rodata.CC1101InitData
                0x08006ebc       0x2c CMakeFiles/STM32_4.elf.dir/Drivers/CC1101/Src/CC1101.c.obj
 .rodata._global_impure_ptr
                0x08006ee8        0x4 d:/programfiles/mingw/arm_emb_tools/bin/../lib/gcc/arm-none-eabi/10.2.1/../../../../arm-none-eabi/lib/thumb/v7e-m+fp/hard\libg.a(lib_a-impure.o)
                0x08006ee8                _global_impure_ptr
 .rodata._puts_r.str1.4
                0x08006eec        0x2 d:/programfiles/mingw/arm_emb_tools/bin/../lib/gcc/arm-none-eabi/10.2.1/../../../../arm-none-eabi/lib/thumb/v7e-m+fp/hard\libg.a(lib_a-puts.o)
                0x08006ef0                . = ALIGN (0x4)
 *fill*         0x08006eee        0x2 

.ARM.extab
 *(.ARM.extab* .gnu.linkonce.armextab.*)

.ARM            0x08006ef0        0x8
                0x08006ef0                __exidx_start = .
 *(.ARM.exidx*)
 .ARM.exidx     0x08006ef0        0x8 d:/programfiles/mingw/arm_emb_tools/bin/../lib/gcc/arm-none-eabi/10.2.1/thumb/v7e-m+fp/hard\libgcc.a(_udivmoddi4.o)
                0x08006ef8                __exidx_end = .

.rel.dyn        0x08006ef8        0x0
 .rel.iplt      0x08006ef8        0x0 d:/programfiles/mingw/arm_emb_tools/bin/../lib/gcc/arm-none-eabi/10.2.1/thumb/v7e-m+fp/hard/crtbegin.o

.preinit_array  0x08006ef8        0x0
                0x08006ef8                PROVIDE (__preinit_array_start = .)
 *(.preinit_array*)
                0x08006ef8                PROVIDE (__preinit_array_end = .)

.init_array     0x08006ef8        0x8
                0x08006ef8                PROVIDE (__init_array_start = .)
 *(SORT_BY_NAME(.init_array.*))
 .init_array.00000
                0x08006ef8        0x4 d:/programfiles/mingw/arm_emb_tools/bin/../lib/gcc/arm-none-eabi/10.2.1/../../../../arm-none-eabi/lib/thumb/v7e-m+fp/hard\libg.a(lib_a-__call_atexit.o)
 *(.init_array*)
 .init_array    0x08006efc        0x4 d:/programfiles/mingw/arm_emb_tools/bin/../lib/gcc/arm-none-eabi/10.2.1/thumb/v7e-m+fp/hard/crtbegin.o
                0x08006f00                PROVIDE (__init_array_end = .)

.fini_array     0x08006f00        0x4
                0x08006f00                PROVIDE (__fini_array_start = .)
 *(SORT_BY_NAME(.fini_array.*))
 *(.fini_array*)
 .fini_array    0x08006f00        0x4 d:/programfiles/mingw/arm_emb_tools/bin/../lib/gcc/arm-none-eabi/10.2.1/thumb/v7e-m+fp/hard/crtbegin.o
                0x08006f04                PROVIDE (__fini_array_end = .)
                0x08006f04                _sidata = LOADADDR (.data)

.data           0x20000000      0x854 load address 0x08006f04
                0x20000000                . = ALIGN (0x4)
                0x20000000                _sdata = .
 *(.data)
 *(.data*)
 .data.SystemCoreClock
                0x20000000        0x4 CMakeFiles/STM32_4.elf.dir/Core/Src/system_stm32f4xx.c.obj
                0x20000000                SystemCoreClock
 .data.uwTickPrio
                0x20000004        0x4 CMakeFiles/STM32_4.elf.dir/Drivers/STM32F4xx_HAL_Driver/Src/stm32f4xx_hal.c.obj
                0x20000004                uwTickPrio
 .data.uwTickFreq
                0x20000008        0x1 CMakeFiles/STM32_4.elf.dir/Drivers/STM32F4xx_HAL_Driver/Src/stm32f4xx_hal.c.obj
                0x20000008                uwTickFreq
 *fill*         0x20000009        0x3 
 .data.uxCriticalNesting
                0x2000000c        0x4 CMakeFiles/STM32_4.elf.dir/Middlewares/Third_Party/FreeRTOS/Source/portable/GCC/ARM_CM4F/port.c.obj
 .data._impure_ptr
                0x20000010        0x4 d:/programfiles/mingw/arm_emb_tools/bin/../lib/gcc/arm-none-eabi/10.2.1/../../../../arm-none-eabi/lib/thumb/v7e-m+fp/hard\libg.a(lib_a-impure.o)
                0x20000010                _impure_ptr
 *fill*         0x20000014        0x4 
 .data.impure_data
                0x20000018      0x428 d:/programfiles/mingw/arm_emb_tools/bin/../lib/gcc/arm-none-eabi/10.2.1/../../../../arm-none-eabi/lib/thumb/v7e-m+fp/hard\libg.a(lib_a-impure.o)
 .data.__malloc_av_
                0x20000440      0x408 d:/programfiles/mingw/arm_emb_tools/bin/../lib/gcc/arm-none-eabi/10.2.1/../../../../arm-none-eabi/lib/thumb/v7e-m+fp/hard\libg.a(lib_a-mallocr.o)
                0x20000440                __malloc_av_
 .data.__malloc_sbrk_base
                0x20000848        0x4 d:/programfiles/mingw/arm_emb_tools/bin/../lib/gcc/arm-none-eabi/10.2.1/../../../../arm-none-eabi/lib/thumb/v7e-m+fp/hard\libg.a(lib_a-mallocr.o)
                0x20000848                __malloc_sbrk_base
 .data.__malloc_trim_threshold
                0x2000084c        0x4 d:/programfiles/mingw/arm_emb_tools/bin/../lib/gcc/arm-none-eabi/10.2.1/../../../../arm-none-eabi/lib/thumb/v7e-m+fp/hard\libg.a(lib_a-mallocr.o)
                0x2000084c                __malloc_trim_threshold
 .data.__atexit_recursive_mutex
                0x20000850        0x4 d:/programfiles/mingw/arm_emb_tools/bin/../lib/gcc/arm-none-eabi/10.2.1/../../../../arm-none-eabi/lib/thumb/v7e-m+fp/hard\libg.a(lib_a-__call_atexit.o)
                0x20000850                __atexit_recursive_mutex
                0x20000854                . = ALIGN (0x4)
                0x20000854                _edata = .
                0x08007758                _siccmram = LOADADDR (.ccmram)

.igot.plt       0x20000854        0x0 load address 0x08007758
 .igot.plt      0x20000854        0x0 d:/programfiles/mingw/arm_emb_tools/bin/../lib/gcc/arm-none-eabi/10.2.1/thumb/v7e-m+fp/hard/crtbegin.o

.ccmram         0x10000000        0x0 load address 0x08007758
                0x10000000                . = ALIGN (0x4)
                0x10000000                _sccmram = .
 *(.ccmram)
 *(.ccmram*)
                0x10000000                . = ALIGN (0x4)
                0x10000000                _eccmram = .
                0x10000000                . = ALIGN (0x4)

.bss            0x20000854     0x41b8
                0x20000854                _sbss = .
                0x20000854                __bss_start__ = _sbss
 *(.bss)
 .bss           0x20000854       0x1c d:/programfiles/mingw/arm_emb_tools/bin/../lib/gcc/arm-none-eabi/10.2.1/thumb/v7e-m+fp/hard/crtbegin.o
 *(.bss*)
 .bss.xIdleTaskTCBBuffer
                0x20000870       0x54 CMakeFiles/STM32_4.elf.dir/Core/Src/freertos.c.obj
 .bss.xIdleStack
                0x200008c4      0x200 CMakeFiles/STM32_4.elf.dir/Core/Src/freertos.c.obj
 .bss.hspi1     0x20000ac4       0x58 CMakeFiles/STM32_4.elf.dir/Core/Src/main.c.obj
                0x20000ac4                hspi1
 .bss.hspi2     0x20000b1c       0x58 CMakeFiles/STM32_4.elf.dir/Core/Src/main.c.obj
                0x20000b1c                hspi2
 .bss.huart1    0x20000b74       0x44 CMakeFiles/STM32_4.elf.dir/Core/Src/main.c.obj
                0x20000b74                huart1
 .bss.defaultTaskHandle
                0x20000bb8        0x4 CMakeFiles/STM32_4.elf.dir/Core/Src/main.c.obj
                0x20000bb8                defaultTaskHandle
 .bss.CC1101_MHandle
                0x20000bbc        0x4 CMakeFiles/STM32_4.elf.dir/Core/Src/main.c.obj
                0x20000bbc                CC1101_MHandle
 .bss.CC1101_SHandle
                0x20000bc0        0x4 CMakeFiles/STM32_4.elf.dir/Core/Src/main.c.obj
                0x20000bc0                CC1101_SHandle
 .bss.CC1101_M  0x20000bc4       0x2c CMakeFiles/STM32_4.elf.dir/Core/Src/main.c.obj
                0x20000bc4                CC1101_M
 .bss.CC1101_S  0x20000bf0       0x2c CMakeFiles/STM32_4.elf.dir/Core/Src/main.c.obj
                0x20000bf0                CC1101_S
 .bss.gHuart    0x20000c1c        0x4 CMakeFiles/STM32_4.elf.dir/Core/Src/retarget.c.obj
                0x20000c1c                gHuart
 .bss.htim6     0x20000c20       0x48 CMakeFiles/STM32_4.elf.dir/Core/Src/stm32f4xx_hal_timebase_tim.c.obj
                0x20000c20                htim6
 .bss.heap_end.0
                0x20000c68        0x4 CMakeFiles/STM32_4.elf.dir/Core/Src/syscalls.c.obj
 .bss.uwTick    0x20000c6c        0x4 CMakeFiles/STM32_4.elf.dir/Drivers/STM32F4xx_HAL_Driver/Src/stm32f4xx_hal.c.obj
                0x20000c6c                uwTick
 .bss.ucMaxSysCallPriority
                0x20000c70        0x1 CMakeFiles/STM32_4.elf.dir/Middlewares/Third_Party/FreeRTOS/Source/portable/GCC/ARM_CM4F/port.c.obj
 *fill*         0x20000c71        0x3 
 .bss.ulMaxPRIGROUPValue
                0x20000c74        0x4 CMakeFiles/STM32_4.elf.dir/Middlewares/Third_Party/FreeRTOS/Source/portable/GCC/ARM_CM4F/port.c.obj
 .bss.ucHeap    0x20000c78     0x3c00 CMakeFiles/STM32_4.elf.dir/Middlewares/Third_Party/FreeRTOS/Source/portable/MemMang/heap_4.c.obj
 .bss.xStart    0x20004878        0x8 CMakeFiles/STM32_4.elf.dir/Middlewares/Third_Party/FreeRTOS/Source/portable/MemMang/heap_4.c.obj
 .bss.pxEnd     0x20004880        0x4 CMakeFiles/STM32_4.elf.dir/Middlewares/Third_Party/FreeRTOS/Source/portable/MemMang/heap_4.c.obj
 .bss.xFreeBytesRemaining
                0x20004884        0x4 CMakeFiles/STM32_4.elf.dir/Middlewares/Third_Party/FreeRTOS/Source/portable/MemMang/heap_4.c.obj
 .bss.xMinimumEverFreeBytesRemaining
                0x20004888        0x4 CMakeFiles/STM32_4.elf.dir/Middlewares/Third_Party/FreeRTOS/Source/portable/MemMang/heap_4.c.obj
 .bss.xNumberOfSuccessfulAllocations
                0x2000488c        0x4 CMakeFiles/STM32_4.elf.dir/Middlewares/Third_Party/FreeRTOS/Source/portable/MemMang/heap_4.c.obj
 .bss.xNumberOfSuccessfulFrees
                0x20004890        0x4 CMakeFiles/STM32_4.elf.dir/Middlewares/Third_Party/FreeRTOS/Source/portable/MemMang/heap_4.c.obj
 .bss.xBlockAllocatedBit
                0x20004894        0x4 CMakeFiles/STM32_4.elf.dir/Middlewares/Third_Party/FreeRTOS/Source/portable/MemMang/heap_4.c.obj
 .bss.pxCurrentTCB
                0x20004898        0x4 CMakeFiles/STM32_4.elf.dir/Middlewares/Third_Party/FreeRTOS/Source/tasks.c.obj
                0x20004898                pxCurrentTCB
 .bss.pxReadyTasksLists
                0x2000489c       0x8c CMakeFiles/STM32_4.elf.dir/Middlewares/Third_Party/FreeRTOS/Source/tasks.c.obj
 .bss.xDelayedTaskList1
                0x20004928       0x14 CMakeFiles/STM32_4.elf.dir/Middlewares/Third_Party/FreeRTOS/Source/tasks.c.obj
 .bss.xDelayedTaskList2
                0x2000493c       0x14 CMakeFiles/STM32_4.elf.dir/Middlewares/Third_Party/FreeRTOS/Source/tasks.c.obj
 .bss.pxDelayedTaskList
                0x20004950        0x4 CMakeFiles/STM32_4.elf.dir/Middlewares/Third_Party/FreeRTOS/Source/tasks.c.obj
 .bss.pxOverflowDelayedTaskList
                0x20004954        0x4 CMakeFiles/STM32_4.elf.dir/Middlewares/Third_Party/FreeRTOS/Source/tasks.c.obj
 .bss.xPendingReadyList
                0x20004958       0x14 CMakeFiles/STM32_4.elf.dir/Middlewares/Third_Party/FreeRTOS/Source/tasks.c.obj
 .bss.xTasksWaitingTermination
                0x2000496c       0x14 CMakeFiles/STM32_4.elf.dir/Middlewares/Third_Party/FreeRTOS/Source/tasks.c.obj
 .bss.uxDeletedTasksWaitingCleanUp
                0x20004980        0x4 CMakeFiles/STM32_4.elf.dir/Middlewares/Third_Party/FreeRTOS/Source/tasks.c.obj
 .bss.xSuspendedTaskList
                0x20004984       0x14 CMakeFiles/STM32_4.elf.dir/Middlewares/Third_Party/FreeRTOS/Source/tasks.c.obj
 .bss.uxCurrentNumberOfTasks
                0x20004998        0x4 CMakeFiles/STM32_4.elf.dir/Middlewares/Third_Party/FreeRTOS/Source/tasks.c.obj
 .bss.xTickCount
                0x2000499c        0x4 CMakeFiles/STM32_4.elf.dir/Middlewares/Third_Party/FreeRTOS/Source/tasks.c.obj
 .bss.uxTopReadyPriority
                0x200049a0        0x4 CMakeFiles/STM32_4.elf.dir/Middlewares/Third_Party/FreeRTOS/Source/tasks.c.obj
 .bss.xSchedulerRunning
                0x200049a4        0x4 CMakeFiles/STM32_4.elf.dir/Middlewares/Third_Party/FreeRTOS/Source/tasks.c.obj
 .bss.xPendedTicks
                0x200049a8        0x4 CMakeFiles/STM32_4.elf.dir/Middlewares/Third_Party/FreeRTOS/Source/tasks.c.obj
 .bss.xYieldPending
                0x200049ac        0x4 CMakeFiles/STM32_4.elf.dir/Middlewares/Third_Party/FreeRTOS/Source/tasks.c.obj
 .bss.xNumOfOverflows
                0x200049b0        0x4 CMakeFiles/STM32_4.elf.dir/Middlewares/Third_Party/FreeRTOS/Source/tasks.c.obj
 .bss.uxTaskNumber
                0x200049b4        0x4 CMakeFiles/STM32_4.elf.dir/Middlewares/Third_Party/FreeRTOS/Source/tasks.c.obj
 .bss.xNextTaskUnblockTime
                0x200049b8        0x4 CMakeFiles/STM32_4.elf.dir/Middlewares/Third_Party/FreeRTOS/Source/tasks.c.obj
 .bss.xIdleTaskHandle
                0x200049bc        0x4 CMakeFiles/STM32_4.elf.dir/Middlewares/Third_Party/FreeRTOS/Source/tasks.c.obj
 .bss.uxSchedulerSuspended
                0x200049c0        0x4 CMakeFiles/STM32_4.elf.dir/Middlewares/Third_Party/FreeRTOS/Source/tasks.c.obj
 .bss.__malloc_current_mallinfo
                0x200049c4       0x28 d:/programfiles/mingw/arm_emb_tools/bin/../lib/gcc/arm-none-eabi/10.2.1/../../../../arm-none-eabi/lib/thumb/v7e-m+fp/hard\libg.a(lib_a-mallocr.o)
                0x200049c4                __malloc_current_mallinfo
 .bss.__malloc_max_sbrked_mem
                0x200049ec        0x4 d:/programfiles/mingw/arm_emb_tools/bin/../lib/gcc/arm-none-eabi/10.2.1/../../../../arm-none-eabi/lib/thumb/v7e-m+fp/hard\libg.a(lib_a-mallocr.o)
                0x200049ec                __malloc_max_sbrked_mem
 .bss.__malloc_max_total_mem
                0x200049f0        0x4 d:/programfiles/mingw/arm_emb_tools/bin/../lib/gcc/arm-none-eabi/10.2.1/../../../../arm-none-eabi/lib/thumb/v7e-m+fp/hard\libg.a(lib_a-mallocr.o)
                0x200049f0                __malloc_max_total_mem
 .bss.__malloc_top_pad
                0x200049f4        0x4 d:/programfiles/mingw/arm_emb_tools/bin/../lib/gcc/arm-none-eabi/10.2.1/../../../../arm-none-eabi/lib/thumb/v7e-m+fp/hard\libg.a(lib_a-mallocr.o)
                0x200049f4                __malloc_top_pad
 .bss.__lock___atexit_recursive_mutex
                0x200049f8        0x1 d:/programfiles/mingw/arm_emb_tools/bin/../lib/gcc/arm-none-eabi/10.2.1/../../../../arm-none-eabi/lib/thumb/v7e-m+fp/hard\libg.a(lib_a-lock.o)
                0x200049f8                __lock___atexit_recursive_mutex
 *fill*         0x200049f9        0x3 
 .bss.__lock___malloc_recursive_mutex
                0x200049fc        0x1 d:/programfiles/mingw/arm_emb_tools/bin/../lib/gcc/arm-none-eabi/10.2.1/../../../../arm-none-eabi/lib/thumb/v7e-m+fp/hard\libg.a(lib_a-lock.o)
                0x200049fc                __lock___malloc_recursive_mutex
 *fill*         0x200049fd        0x3 
 .bss.__lock___sfp_recursive_mutex
                0x20004a00        0x1 d:/programfiles/mingw/arm_emb_tools/bin/../lib/gcc/arm-none-eabi/10.2.1/../../../../arm-none-eabi/lib/thumb/v7e-m+fp/hard\libg.a(lib_a-lock.o)
                0x20004a00                __lock___sfp_recursive_mutex
 *fill*         0x20004a01        0x3 
 .bss.__lock___sinit_recursive_mutex
                0x20004a04        0x1 d:/programfiles/mingw/arm_emb_tools/bin/../lib/gcc/arm-none-eabi/10.2.1/../../../../arm-none-eabi/lib/thumb/v7e-m+fp/hard\libg.a(lib_a-lock.o)
                0x20004a04                __lock___sinit_recursive_mutex
 *fill*         0x20004a05        0x3 
 .bss.errno     0x20004a08        0x4 d:/programfiles/mingw/arm_emb_tools/bin/../lib/gcc/arm-none-eabi/10.2.1/../../../../arm-none-eabi/lib/thumb/v7e-m+fp/hard\libg.a(lib_a-reent.o)
                0x20004a08                errno
 *(COMMON)
                0x20004a0c                . = ALIGN (0x4)
                0x20004a0c                _ebss = .
                0x20004a0c                __bss_end__ = _ebss

._user_heap_stack
                0x20004a0c      0x604
                0x20004a10                . = ALIGN (0x8)
 *fill*         0x20004a0c        0x4 
                0x20004a10                PROVIDE (end = .)
                [!provide]                PROVIDE (_end = .)
                0x20004c10                . = (. + _Min_Heap_Size)
 *fill*         0x20004a10      0x200 
                0x20005010                . = (. + _Min_Stack_Size)
 *fill*         0x20004c10      0x400 
                0x20005010                . = ALIGN (0x8)

/DISCARD/
 libc.a(*)
 libm.a(*)
 libgcc.a(*)

.ARM.attributes
                0x00000000       0x30
 *(.ARM.attributes)
 .ARM.attributes
                0x00000000       0x1e d:/programfiles/mingw/arm_emb_tools/bin/../lib/gcc/arm-none-eabi/10.2.1/thumb/v7e-m+fp/hard/crti.o
 .ARM.attributes
                0x0000001e       0x34 d:/programfiles/mingw/arm_emb_tools/bin/../lib/gcc/arm-none-eabi/10.2.1/thumb/v7e-m+fp/hard/crtbegin.o
 .ARM.attributes
                0x00000052       0x34 CMakeFiles/STM32_4.elf.dir/Core/Src/freertos.c.obj
 .ARM.attributes
                0x00000086       0x34 CMakeFiles/STM32_4.elf.dir/Core/Src/main.c.obj
 .ARM.attributes
                0x000000ba       0x34 CMakeFiles/STM32_4.elf.dir/Core/Src/retarget.c.obj
 .ARM.attributes
                0x000000ee       0x34 CMakeFiles/STM32_4.elf.dir/Core/Src/stm32f4xx_hal_msp.c.obj
 .ARM.attributes
                0x00000122       0x34 CMakeFiles/STM32_4.elf.dir/Core/Src/stm32f4xx_hal_timebase_tim.c.obj
 .ARM.attributes
                0x00000156       0x34 CMakeFiles/STM32_4.elf.dir/Core/Src/stm32f4xx_it.c.obj
 .ARM.attributes
                0x0000018a       0x34 CMakeFiles/STM32_4.elf.dir/Core/Src/syscalls.c.obj
 .ARM.attributes
                0x000001be       0x34 CMakeFiles/STM32_4.elf.dir/Core/Src/system_stm32f4xx.c.obj
 .ARM.attributes
                0x000001f2       0x34 CMakeFiles/STM32_4.elf.dir/Drivers/CC1101/Src/CC1101.c.obj
 .ARM.attributes
                0x00000226       0x34 CMakeFiles/STM32_4.elf.dir/Drivers/STM32F4xx_HAL_Driver/Src/stm32f4xx_hal.c.obj
 .ARM.attributes
                0x0000025a       0x34 CMakeFiles/STM32_4.elf.dir/Drivers/STM32F4xx_HAL_Driver/Src/stm32f4xx_hal_cortex.c.obj
 .ARM.attributes
                0x0000028e       0x34 CMakeFiles/STM32_4.elf.dir/Drivers/STM32F4xx_HAL_Driver/Src/stm32f4xx_hal_gpio.c.obj
 .ARM.attributes
                0x000002c2       0x34 CMakeFiles/STM32_4.elf.dir/Drivers/STM32F4xx_HAL_Driver/Src/stm32f4xx_hal_rcc.c.obj
 .ARM.attributes
                0x000002f6       0x34 CMakeFiles/STM32_4.elf.dir/Drivers/STM32F4xx_HAL_Driver/Src/stm32f4xx_hal_spi.c.obj
 .ARM.attributes
                0x0000032a       0x34 CMakeFiles/STM32_4.elf.dir/Drivers/STM32F4xx_HAL_Driver/Src/stm32f4xx_hal_tim.c.obj
 .ARM.attributes
                0x0000035e       0x34 CMakeFiles/STM32_4.elf.dir/Drivers/STM32F4xx_HAL_Driver/Src/stm32f4xx_hal_tim_ex.c.obj
 .ARM.attributes
                0x00000392       0x34 CMakeFiles/STM32_4.elf.dir/Drivers/STM32F4xx_HAL_Driver/Src/stm32f4xx_hal_uart.c.obj
 .ARM.attributes
                0x000003c6       0x34 CMakeFiles/STM32_4.elf.dir/Middlewares/Third_Party/FreeRTOS/Source/CMSIS_RTOS/cmsis_os.c.obj
 .ARM.attributes
                0x000003fa       0x34 CMakeFiles/STM32_4.elf.dir/Middlewares/Third_Party/FreeRTOS/Source/list.c.obj
 .ARM.attributes
                0x0000042e       0x34 CMakeFiles/STM32_4.elf.dir/Middlewares/Third_Party/FreeRTOS/Source/portable/GCC/ARM_CM4F/port.c.obj
 .ARM.attributes
                0x00000462       0x34 CMakeFiles/STM32_4.elf.dir/Middlewares/Third_Party/FreeRTOS/Source/portable/MemMang/heap_4.c.obj
 .ARM.attributes
                0x00000496       0x34 CMakeFiles/STM32_4.elf.dir/Middlewares/Third_Party/FreeRTOS/Source/tasks.c.obj
 .ARM.attributes
                0x000004ca       0x21 CMakeFiles/STM32_4.elf.dir/startup/startup_stm32f407xx.s.obj
 .ARM.attributes
                0x000004eb       0x1e d:/programfiles/mingw/arm_emb_tools/bin/../lib/gcc/arm-none-eabi/10.2.1/thumb/v7e-m+fp/hard\libgcc.a(_aeabi_uldivmod.o)
 .ARM.attributes
                0x00000509       0x34 d:/programfiles/mingw/arm_emb_tools/bin/../lib/gcc/arm-none-eabi/10.2.1/thumb/v7e-m+fp/hard\libgcc.a(_udivmoddi4.o)
 .ARM.attributes
                0x0000053d       0x1e d:/programfiles/mingw/arm_emb_tools/bin/../lib/gcc/arm-none-eabi/10.2.1/thumb/v7e-m+fp/hard\libgcc.a(_dvmd_tls.o)
 .ARM.attributes
                0x0000055b       0x34 d:/programfiles/mingw/arm_emb_tools/bin/../lib/gcc/arm-none-eabi/10.2.1/../../../../arm-none-eabi/lib/thumb/v7e-m+fp/hard\libg.a(lib_a-errno.o)
 .ARM.attributes
                0x0000058f       0x32 d:/programfiles/mingw/arm_emb_tools/bin/../lib/gcc/arm-none-eabi/10.2.1/../../../../arm-none-eabi/lib/thumb/v7e-m+fp/hard\libg.a(lib_a-impure.o)
 .ARM.attributes
                0x000005c1       0x34 d:/programfiles/mingw/arm_emb_tools/bin/../lib/gcc/arm-none-eabi/10.2.1/../../../../arm-none-eabi/lib/thumb/v7e-m+fp/hard\libg.a(lib_a-init.o)
 .ARM.attributes
                0x000005f5       0x34 d:/programfiles/mingw/arm_emb_tools/bin/../lib/gcc/arm-none-eabi/10.2.1/../../../../arm-none-eabi/lib/thumb/v7e-m+fp/hard\libg.a(lib_a-malloc.o)
 .ARM.attributes
                0x00000629       0x34 d:/programfiles/mingw/arm_emb_tools/bin/../lib/gcc/arm-none-eabi/10.2.1/../../../../arm-none-eabi/lib/thumb/v7e-m+fp/hard\libg.a(lib_a-mallocr.o)
 .ARM.attributes
                0x0000065d       0x1c d:/programfiles/mingw/arm_emb_tools/bin/../lib/gcc/arm-none-eabi/10.2.1/../../../../arm-none-eabi/lib/thumb/v7e-m+fp/hard\libg.a(lib_a-memcpy.o)
 .ARM.attributes
                0x00000679       0x34 d:/programfiles/mingw/arm_emb_tools/bin/../lib/gcc/arm-none-eabi/10.2.1/../../../../arm-none-eabi/lib/thumb/v7e-m+fp/hard\libg.a(lib_a-memset.o)
 .ARM.attributes
                0x000006ad       0x34 d:/programfiles/mingw/arm_emb_tools/bin/../lib/gcc/arm-none-eabi/10.2.1/../../../../arm-none-eabi/lib/thumb/v7e-m+fp/hard\libg.a(lib_a-mlock.o)
 .ARM.attributes
                0x000006e1       0x34 d:/programfiles/mingw/arm_emb_tools/bin/../lib/gcc/arm-none-eabi/10.2.1/../../../../arm-none-eabi/lib/thumb/v7e-m+fp/hard\libg.a(lib_a-puts.o)
 .ARM.attributes
                0x00000715       0x34 d:/programfiles/mingw/arm_emb_tools/bin/../lib/gcc/arm-none-eabi/10.2.1/../../../../arm-none-eabi/lib/thumb/v7e-m+fp/hard\libg.a(lib_a-sbrkr.o)
 .ARM.attributes
                0x00000749       0x34 d:/programfiles/mingw/arm_emb_tools/bin/../lib/gcc/arm-none-eabi/10.2.1/../../../../arm-none-eabi/lib/thumb/v7e-m+fp/hard\libg.a(lib_a-setvbuf.o)
 .ARM.attributes
                0x0000077d       0x1c d:/programfiles/mingw/arm_emb_tools/bin/../lib/gcc/arm-none-eabi/10.2.1/../../../../arm-none-eabi/lib/thumb/v7e-m+fp/hard\libg.a(lib_a-strlen.o)
 .ARM.attributes
                0x00000799       0x34 d:/programfiles/mingw/arm_emb_tools/bin/../lib/gcc/arm-none-eabi/10.2.1/../../../../arm-none-eabi/lib/thumb/v7e-m+fp/hard\libg.a(lib_a-__call_atexit.o)
 .ARM.attributes
                0x000007cd       0x34 d:/programfiles/mingw/arm_emb_tools/bin/../lib/gcc/arm-none-eabi/10.2.1/../../../../arm-none-eabi/lib/thumb/v7e-m+fp/hard\libg.a(lib_a-atexit.o)
 .ARM.attributes
                0x00000801       0x34 d:/programfiles/mingw/arm_emb_tools/bin/../lib/gcc/arm-none-eabi/10.2.1/../../../../arm-none-eabi/lib/thumb/v7e-m+fp/hard\libg.a(lib_a-fflush.o)
 .ARM.attributes
                0x00000835       0x34 d:/programfiles/mingw/arm_emb_tools/bin/../lib/gcc/arm-none-eabi/10.2.1/../../../../arm-none-eabi/lib/thumb/v7e-m+fp/hard\libg.a(lib_a-findfp.o)
 .ARM.attributes
                0x00000869       0x34 d:/programfiles/mingw/arm_emb_tools/bin/../lib/gcc/arm-none-eabi/10.2.1/../../../../arm-none-eabi/lib/thumb/v7e-m+fp/hard\libg.a(lib_a-fini.o)
 .ARM.attributes
                0x0000089d       0x34 d:/programfiles/mingw/arm_emb_tools/bin/../lib/gcc/arm-none-eabi/10.2.1/../../../../arm-none-eabi/lib/thumb/v7e-m+fp/hard\libg.a(lib_a-freer.o)
 .ARM.attributes
                0x000008d1       0x34 d:/programfiles/mingw/arm_emb_tools/bin/../lib/gcc/arm-none-eabi/10.2.1/../../../../arm-none-eabi/lib/thumb/v7e-m+fp/hard\libg.a(lib_a-fvwrite.o)
 .ARM.attributes
                0x00000905       0x34 d:/programfiles/mingw/arm_emb_tools/bin/../lib/gcc/arm-none-eabi/10.2.1/../../../../arm-none-eabi/lib/thumb/v7e-m+fp/hard\libg.a(lib_a-fwalk.o)
 .ARM.attributes
                0x00000939       0x34 d:/programfiles/mingw/arm_emb_tools/bin/../lib/gcc/arm-none-eabi/10.2.1/../../../../arm-none-eabi/lib/thumb/v7e-m+fp/hard\libg.a(lib_a-lock.o)
 .ARM.attributes
                0x0000096d       0x34 d:/programfiles/mingw/arm_emb_tools/bin/../lib/gcc/arm-none-eabi/10.2.1/../../../../arm-none-eabi/lib/thumb/v7e-m+fp/hard\libg.a(lib_a-makebuf.o)
 .ARM.attributes
                0x000009a1       0x1c d:/programfiles/mingw/arm_emb_tools/bin/../lib/gcc/arm-none-eabi/10.2.1/../../../../arm-none-eabi/lib/thumb/v7e-m+fp/hard\libg.a(lib_a-memchr.o)
 .ARM.attributes
                0x000009bd       0x34 d:/programfiles/mingw/arm_emb_tools/bin/../lib/gcc/arm-none-eabi/10.2.1/../../../../arm-none-eabi/lib/thumb/v7e-m+fp/hard\libg.a(lib_a-memmove.o)
 .ARM.attributes
                0x000009f1       0x34 d:/programfiles/mingw/arm_emb_tools/bin/../lib/gcc/arm-none-eabi/10.2.1/../../../../arm-none-eabi/lib/thumb/v7e-m+fp/hard\libg.a(lib_a-reallocr.o)
 .ARM.attributes
                0x00000a25       0x34 d:/programfiles/mingw/arm_emb_tools/bin/../lib/gcc/arm-none-eabi/10.2.1/../../../../arm-none-eabi/lib/thumb/v7e-m+fp/hard\libg.a(lib_a-reent.o)
 .ARM.attributes
                0x00000a59       0x34 d:/programfiles/mingw/arm_emb_tools/bin/../lib/gcc/arm-none-eabi/10.2.1/../../../../arm-none-eabi/lib/thumb/v7e-m+fp/hard\libg.a(lib_a-stdio.o)
 .ARM.attributes
                0x00000a8d       0x34 d:/programfiles/mingw/arm_emb_tools/bin/../lib/gcc/arm-none-eabi/10.2.1/../../../../arm-none-eabi/lib/thumb/v7e-m+fp/hard\libg.a(lib_a-writer.o)
 .ARM.attributes
                0x00000ac1       0x34 d:/programfiles/mingw/arm_emb_tools/bin/../lib/gcc/arm-none-eabi/10.2.1/../../../../arm-none-eabi/lib/thumb/v7e-m+fp/hard\libg.a(lib_a-wsetup.o)
 .ARM.attributes
                0x00000af5       0x34 d:/programfiles/mingw/arm_emb_tools/bin/../lib/gcc/arm-none-eabi/10.2.1/../../../../arm-none-eabi/lib/thumb/v7e-m+fp/hard\libg.a(lib_a-__atexit.o)
 .ARM.attributes
                0x00000b29       0x34 d:/programfiles/mingw/arm_emb_tools/bin/../lib/gcc/arm-none-eabi/10.2.1/../../../../arm-none-eabi/lib/thumb/v7e-m+fp/hard\libg.a(lib_a-closer.o)
 .ARM.attributes
                0x00000b5d       0x34 d:/programfiles/mingw/arm_emb_tools/bin/../lib/gcc/arm-none-eabi/10.2.1/../../../../arm-none-eabi/lib/thumb/v7e-m+fp/hard\libg.a(lib_a-fclose.o)
 .ARM.attributes
                0x00000b91       0x34 d:/programfiles/mingw/arm_emb_tools/bin/../lib/gcc/arm-none-eabi/10.2.1/../../../../arm-none-eabi/lib/thumb/v7e-m+fp/hard\libg.a(lib_a-fstatr.o)
 .ARM.attributes
                0x00000bc5       0x34 d:/programfiles/mingw/arm_emb_tools/bin/../lib/gcc/arm-none-eabi/10.2.1/../../../../arm-none-eabi/lib/thumb/v7e-m+fp/hard\libg.a(lib_a-isattyr.o)
 .ARM.attributes
                0x00000bf9       0x34 d:/programfiles/mingw/arm_emb_tools/bin/../lib/gcc/arm-none-eabi/10.2.1/../../../../arm-none-eabi/lib/thumb/v7e-m+fp/hard\libg.a(lib_a-lseekr.o)
 .ARM.attributes
                0x00000c2d       0x34 d:/programfiles/mingw/arm_emb_tools/bin/../lib/gcc/arm-none-eabi/10.2.1/../../../../arm-none-eabi/lib/thumb/v7e-m+fp/hard\libg.a(lib_a-readr.o)
 .ARM.attributes
                0x00000c61       0x1e d:/programfiles/mingw/arm_emb_tools/bin/../lib/gcc/arm-none-eabi/10.2.1/thumb/v7e-m+fp/hard/crtn.o
OUTPUT(STM32_4.elf elf32-littlearm)
LOAD linker stubs
LOAD d:/programfiles/mingw/arm_emb_tools/bin/../lib/gcc/arm-none-eabi/10.2.1/../../../../arm-none-eabi/lib/thumb/v7e-m+fp/hard\libc.a
LOAD d:/programfiles/mingw/arm_emb_tools/bin/../lib/gcc/arm-none-eabi/10.2.1/../../../../arm-none-eabi/lib/thumb/v7e-m+fp/hard\libm.a
LOAD d:/programfiles/mingw/arm_emb_tools/bin/../lib/gcc/arm-none-eabi/10.2.1/thumb/v7e-m+fp/hard\libgcc.a

.debug_info     0x00000000    0x13aff
 .debug_info    0x00000000      0x297 CMakeFiles/STM32_4.elf.dir/Core/Src/freertos.c.obj
 .debug_info    0x00000297     0x1700 CMakeFiles/STM32_4.elf.dir/Core/Src/main.c.obj
 .debug_info    0x00001997     0x11de CMakeFiles/STM32_4.elf.dir/Core/Src/retarget.c.obj
 .debug_info    0x00002b75      0xea9 CMakeFiles/STM32_4.elf.dir/Core/Src/stm32f4xx_hal_msp.c.obj
 .debug_info    0x00003a1e      0xb7c CMakeFiles/STM32_4.elf.dir/Core/Src/stm32f4xx_hal_timebase_tim.c.obj
 .debug_info    0x0000459a      0x6e9 CMakeFiles/STM32_4.elf.dir/Core/Src/stm32f4xx_it.c.obj
 .debug_info    0x00004c83      0x721 CMakeFiles/STM32_4.elf.dir/Core/Src/syscalls.c.obj
 .debug_info    0x000053a4      0x51f CMakeFiles/STM32_4.elf.dir/Core/Src/system_stm32f4xx.c.obj
 .debug_info    0x000058c3      0xf11 CMakeFiles/STM32_4.elf.dir/Drivers/CC1101/Src/CC1101.c.obj
 .debug_info    0x000067d4      0x925 CMakeFiles/STM32_4.elf.dir/Drivers/STM32F4xx_HAL_Driver/Src/stm32f4xx_hal.c.obj
 .debug_info    0x000070f9      0xe17 CMakeFiles/STM32_4.elf.dir/Drivers/STM32F4xx_HAL_Driver/Src/stm32f4xx_hal_cortex.c.obj
 .debug_info    0x00007f10      0x766 CMakeFiles/STM32_4.elf.dir/Drivers/STM32F4xx_HAL_Driver/Src/stm32f4xx_hal_gpio.c.obj
 .debug_info    0x00008676      0x91d CMakeFiles/STM32_4.elf.dir/Drivers/STM32F4xx_HAL_Driver/Src/stm32f4xx_hal_rcc.c.obj
 .debug_info    0x00008f93     0x16f4 CMakeFiles/STM32_4.elf.dir/Drivers/STM32F4xx_HAL_Driver/Src/stm32f4xx_hal_spi.c.obj
 .debug_info    0x0000a687     0x29a0 CMakeFiles/STM32_4.elf.dir/Drivers/STM32F4xx_HAL_Driver/Src/stm32f4xx_hal_tim.c.obj
 .debug_info    0x0000d027     0x1432 CMakeFiles/STM32_4.elf.dir/Drivers/STM32F4xx_HAL_Driver/Src/stm32f4xx_hal_tim_ex.c.obj
 .debug_info    0x0000e459     0x158d CMakeFiles/STM32_4.elf.dir/Drivers/STM32F4xx_HAL_Driver/Src/stm32f4xx_hal_uart.c.obj
 .debug_info    0x0000f9e6     0x1797 CMakeFiles/STM32_4.elf.dir/Middlewares/Third_Party/FreeRTOS/Source/CMSIS_RTOS/cmsis_os.c.obj
 .debug_info    0x0001117d      0x2cd CMakeFiles/STM32_4.elf.dir/Middlewares/Third_Party/FreeRTOS/Source/list.c.obj
 .debug_info    0x0001144a      0x4ed CMakeFiles/STM32_4.elf.dir/Middlewares/Third_Party/FreeRTOS/Source/portable/GCC/ARM_CM4F/port.c.obj
 .debug_info    0x00011937      0x4d5 CMakeFiles/STM32_4.elf.dir/Middlewares/Third_Party/FreeRTOS/Source/portable/MemMang/heap_4.c.obj
 .debug_info    0x00011e0c     0x1cd1 CMakeFiles/STM32_4.elf.dir/Middlewares/Third_Party/FreeRTOS/Source/tasks.c.obj
 .debug_info    0x00013add       0x22 CMakeFiles/STM32_4.elf.dir/startup/startup_stm32f407xx.s.obj

.debug_abbrev   0x00000000     0x2c7b
 .debug_abbrev  0x00000000       0xca CMakeFiles/STM32_4.elf.dir/Core/Src/freertos.c.obj
 .debug_abbrev  0x000000ca      0x28a CMakeFiles/STM32_4.elf.dir/Core/Src/main.c.obj
 .debug_abbrev  0x00000354      0x254 CMakeFiles/STM32_4.elf.dir/Core/Src/retarget.c.obj
 .debug_abbrev  0x000005a8      0x185 CMakeFiles/STM32_4.elf.dir/Core/Src/stm32f4xx_hal_msp.c.obj
 .debug_abbrev  0x0000072d      0x18f CMakeFiles/STM32_4.elf.dir/Core/Src/stm32f4xx_hal_timebase_tim.c.obj
 .debug_abbrev  0x000008bc      0x159 CMakeFiles/STM32_4.elf.dir/Core/Src/stm32f4xx_it.c.obj
 .debug_abbrev  0x00000a15      0x1a3 CMakeFiles/STM32_4.elf.dir/Core/Src/syscalls.c.obj
 .debug_abbrev  0x00000bb8      0x113 CMakeFiles/STM32_4.elf.dir/Core/Src/system_stm32f4xx.c.obj
 .debug_abbrev  0x00000ccb      0x2e7 CMakeFiles/STM32_4.elf.dir/Drivers/CC1101/Src/CC1101.c.obj
 .debug_abbrev  0x00000fb2      0x1d7 CMakeFiles/STM32_4.elf.dir/Drivers/STM32F4xx_HAL_Driver/Src/stm32f4xx_hal.c.obj
 .debug_abbrev  0x00001189      0x313 CMakeFiles/STM32_4.elf.dir/Drivers/STM32F4xx_HAL_Driver/Src/stm32f4xx_hal_cortex.c.obj
 .debug_abbrev  0x0000149c      0x1c1 CMakeFiles/STM32_4.elf.dir/Drivers/STM32F4xx_HAL_Driver/Src/stm32f4xx_hal_gpio.c.obj
 .debug_abbrev  0x0000165d      0x25f CMakeFiles/STM32_4.elf.dir/Drivers/STM32F4xx_HAL_Driver/Src/stm32f4xx_hal_rcc.c.obj
 .debug_abbrev  0x000018bc      0x23f CMakeFiles/STM32_4.elf.dir/Drivers/STM32F4xx_HAL_Driver/Src/stm32f4xx_hal_spi.c.obj
 .debug_abbrev  0x00001afb      0x22e CMakeFiles/STM32_4.elf.dir/Drivers/STM32F4xx_HAL_Driver/Src/stm32f4xx_hal_tim.c.obj
 .debug_abbrev  0x00001d29      0x236 CMakeFiles/STM32_4.elf.dir/Drivers/STM32F4xx_HAL_Driver/Src/stm32f4xx_hal_tim_ex.c.obj
 .debug_abbrev  0x00001f5f      0x249 CMakeFiles/STM32_4.elf.dir/Drivers/STM32F4xx_HAL_Driver/Src/stm32f4xx_hal_uart.c.obj
 .debug_abbrev  0x000021a8      0x305 CMakeFiles/STM32_4.elf.dir/Middlewares/Third_Party/FreeRTOS/Source/CMSIS_RTOS/cmsis_os.c.obj
 .debug_abbrev  0x000024ad       0xef CMakeFiles/STM32_4.elf.dir/Middlewares/Third_Party/FreeRTOS/Source/list.c.obj
 .debug_abbrev  0x0000259c      0x22e CMakeFiles/STM32_4.elf.dir/Middlewares/Third_Party/FreeRTOS/Source/portable/GCC/ARM_CM4F/port.c.obj
 .debug_abbrev  0x000027ca      0x1d4 CMakeFiles/STM32_4.elf.dir/Middlewares/Third_Party/FreeRTOS/Source/portable/MemMang/heap_4.c.obj
 .debug_abbrev  0x0000299e      0x2cb CMakeFiles/STM32_4.elf.dir/Middlewares/Third_Party/FreeRTOS/Source/tasks.c.obj
 .debug_abbrev  0x00002c69       0x12 CMakeFiles/STM32_4.elf.dir/startup/startup_stm32f407xx.s.obj

.debug_aranges  0x00000000     0x1420
 .debug_aranges
                0x00000000       0x20 CMakeFiles/STM32_4.elf.dir/Core/Src/freertos.c.obj
 .debug_aranges
                0x00000020       0x70 CMakeFiles/STM32_4.elf.dir/Core/Src/main.c.obj
 .debug_aranges
                0x00000090       0x50 CMakeFiles/STM32_4.elf.dir/Core/Src/retarget.c.obj
 .debug_aranges
                0x000000e0       0x40 CMakeFiles/STM32_4.elf.dir/Core/Src/stm32f4xx_hal_msp.c.obj
 .debug_aranges
                0x00000120       0x30 CMakeFiles/STM32_4.elf.dir/Core/Src/stm32f4xx_hal_timebase_tim.c.obj
 .debug_aranges
                0x00000150       0x50 CMakeFiles/STM32_4.elf.dir/Core/Src/stm32f4xx_it.c.obj
 .debug_aranges
                0x000001a0       0xb0 CMakeFiles/STM32_4.elf.dir/Core/Src/syscalls.c.obj
 .debug_aranges
                0x00000250       0x28 CMakeFiles/STM32_4.elf.dir/Core/Src/system_stm32f4xx.c.obj
 .debug_aranges
                0x00000278       0xe8 CMakeFiles/STM32_4.elf.dir/Drivers/CC1101/Src/CC1101.c.obj
 .debug_aranges
                0x00000360       0xf0 CMakeFiles/STM32_4.elf.dir/Drivers/STM32F4xx_HAL_Driver/Src/stm32f4xx_hal.c.obj
 .debug_aranges
                0x00000450      0x118 CMakeFiles/STM32_4.elf.dir/Drivers/STM32F4xx_HAL_Driver/Src/stm32f4xx_hal_cortex.c.obj
 .debug_aranges
                0x00000568       0x58 CMakeFiles/STM32_4.elf.dir/Drivers/STM32F4xx_HAL_Driver/Src/stm32f4xx_hal_gpio.c.obj
 .debug_aranges
                0x000005c0       0x88 CMakeFiles/STM32_4.elf.dir/Drivers/STM32F4xx_HAL_Driver/Src/stm32f4xx_hal_rcc.c.obj
 .debug_aranges
                0x00000648      0x1d0 CMakeFiles/STM32_4.elf.dir/Drivers/STM32F4xx_HAL_Driver/Src/stm32f4xx_hal_spi.c.obj
 .debug_aranges
                0x00000818      0x3d0 CMakeFiles/STM32_4.elf.dir/Drivers/STM32F4xx_HAL_Driver/Src/stm32f4xx_hal_tim.c.obj
 .debug_aranges
                0x00000be8      0x168 CMakeFiles/STM32_4.elf.dir/Drivers/STM32F4xx_HAL_Driver/Src/stm32f4xx_hal_tim_ex.c.obj
 .debug_aranges
                0x00000d50      0x200 CMakeFiles/STM32_4.elf.dir/Drivers/STM32F4xx_HAL_Driver/Src/stm32f4xx_hal_uart.c.obj
 .debug_aranges
                0x00000f50      0x1d8 CMakeFiles/STM32_4.elf.dir/Middlewares/Third_Party/FreeRTOS/Source/CMSIS_RTOS/cmsis_os.c.obj
 .debug_aranges
                0x00001128       0x40 CMakeFiles/STM32_4.elf.dir/Middlewares/Third_Party/FreeRTOS/Source/list.c.obj
 .debug_aranges
                0x00001168       0x80 CMakeFiles/STM32_4.elf.dir/Middlewares/Third_Party/FreeRTOS/Source/portable/GCC/ARM_CM4F/port.c.obj
 .debug_aranges
                0x000011e8       0x58 CMakeFiles/STM32_4.elf.dir/Middlewares/Third_Party/FreeRTOS/Source/portable/MemMang/heap_4.c.obj
 .debug_aranges
                0x00001240      0x1b8 CMakeFiles/STM32_4.elf.dir/Middlewares/Third_Party/FreeRTOS/Source/tasks.c.obj
 .debug_aranges
                0x000013f8       0x28 CMakeFiles/STM32_4.elf.dir/startup/startup_stm32f407xx.s.obj

.debug_ranges   0x00000000     0x12e8
 .debug_ranges  0x00000000       0x10 CMakeFiles/STM32_4.elf.dir/Core/Src/freertos.c.obj
 .debug_ranges  0x00000010       0x60 CMakeFiles/STM32_4.elf.dir/Core/Src/main.c.obj
 .debug_ranges  0x00000070       0x40 CMakeFiles/STM32_4.elf.dir/Core/Src/retarget.c.obj
 .debug_ranges  0x000000b0       0x30 CMakeFiles/STM32_4.elf.dir/Core/Src/stm32f4xx_hal_msp.c.obj
 .debug_ranges  0x000000e0       0x20 CMakeFiles/STM32_4.elf.dir/Core/Src/stm32f4xx_hal_timebase_tim.c.obj
 .debug_ranges  0x00000100       0x40 CMakeFiles/STM32_4.elf.dir/Core/Src/stm32f4xx_it.c.obj
 .debug_ranges  0x00000140       0xa0 CMakeFiles/STM32_4.elf.dir/Core/Src/syscalls.c.obj
 .debug_ranges  0x000001e0       0x18 CMakeFiles/STM32_4.elf.dir/Core/Src/system_stm32f4xx.c.obj
 .debug_ranges  0x000001f8       0xd8 CMakeFiles/STM32_4.elf.dir/Drivers/CC1101/Src/CC1101.c.obj
 .debug_ranges  0x000002d0       0xe0 CMakeFiles/STM32_4.elf.dir/Drivers/STM32F4xx_HAL_Driver/Src/stm32f4xx_hal.c.obj
 .debug_ranges  0x000003b0      0x108 CMakeFiles/STM32_4.elf.dir/Drivers/STM32F4xx_HAL_Driver/Src/stm32f4xx_hal_cortex.c.obj
 .debug_ranges  0x000004b8       0x48 CMakeFiles/STM32_4.elf.dir/Drivers/STM32F4xx_HAL_Driver/Src/stm32f4xx_hal_gpio.c.obj
 .debug_ranges  0x00000500       0x78 CMakeFiles/STM32_4.elf.dir/Drivers/STM32F4xx_HAL_Driver/Src/stm32f4xx_hal_rcc.c.obj
 .debug_ranges  0x00000578      0x1c0 CMakeFiles/STM32_4.elf.dir/Drivers/STM32F4xx_HAL_Driver/Src/stm32f4xx_hal_spi.c.obj
 .debug_ranges  0x00000738      0x3c0 CMakeFiles/STM32_4.elf.dir/Drivers/STM32F4xx_HAL_Driver/Src/stm32f4xx_hal_tim.c.obj
 .debug_ranges  0x00000af8      0x158 CMakeFiles/STM32_4.elf.dir/Drivers/STM32F4xx_HAL_Driver/Src/stm32f4xx_hal_tim_ex.c.obj
 .debug_ranges  0x00000c50      0x220 CMakeFiles/STM32_4.elf.dir/Drivers/STM32F4xx_HAL_Driver/Src/stm32f4xx_hal_uart.c.obj
 .debug_ranges  0x00000e70      0x1c8 CMakeFiles/STM32_4.elf.dir/Middlewares/Third_Party/FreeRTOS/Source/CMSIS_RTOS/cmsis_os.c.obj
 .debug_ranges  0x00001038       0x30 CMakeFiles/STM32_4.elf.dir/Middlewares/Third_Party/FreeRTOS/Source/list.c.obj
 .debug_ranges  0x00001068       0x70 CMakeFiles/STM32_4.elf.dir/Middlewares/Third_Party/FreeRTOS/Source/portable/GCC/ARM_CM4F/port.c.obj
 .debug_ranges  0x000010d8       0x48 CMakeFiles/STM32_4.elf.dir/Middlewares/Third_Party/FreeRTOS/Source/portable/MemMang/heap_4.c.obj
 .debug_ranges  0x00001120      0x1a8 CMakeFiles/STM32_4.elf.dir/Middlewares/Third_Party/FreeRTOS/Source/tasks.c.obj
 .debug_ranges  0x000012c8       0x20 CMakeFiles/STM32_4.elf.dir/startup/startup_stm32f407xx.s.obj

.debug_line     0x00000000     0xdd3f
 .debug_line    0x00000000      0x1b3 CMakeFiles/STM32_4.elf.dir/Core/Src/freertos.c.obj
 .debug_line    0x000001b3      0x634 CMakeFiles/STM32_4.elf.dir/Core/Src/main.c.obj
 .debug_line    0x000007e7      0x36e CMakeFiles/STM32_4.elf.dir/Core/Src/retarget.c.obj
 .debug_line    0x00000b55      0x2cb CMakeFiles/STM32_4.elf.dir/Core/Src/stm32f4xx_hal_msp.c.obj
 .debug_line    0x00000e20      0x24b CMakeFiles/STM32_4.elf.dir/Core/Src/stm32f4xx_hal_timebase_tim.c.obj
 .debug_line    0x0000106b      0x258 CMakeFiles/STM32_4.elf.dir/Core/Src/stm32f4xx_it.c.obj
 .debug_line    0x000012c3      0x387 CMakeFiles/STM32_4.elf.dir/Core/Src/syscalls.c.obj
 .debug_line    0x0000164a      0x22d CMakeFiles/STM32_4.elf.dir/Core/Src/system_stm32f4xx.c.obj
 .debug_line    0x00001877      0x6e2 CMakeFiles/STM32_4.elf.dir/Drivers/CC1101/Src/CC1101.c.obj
 .debug_line    0x00001f59      0x4ff CMakeFiles/STM32_4.elf.dir/Drivers/STM32F4xx_HAL_Driver/Src/stm32f4xx_hal.c.obj
 .debug_line    0x00002458      0x797 CMakeFiles/STM32_4.elf.dir/Drivers/STM32F4xx_HAL_Driver/Src/stm32f4xx_hal_cortex.c.obj
 .debug_line    0x00002bef      0x630 CMakeFiles/STM32_4.elf.dir/Drivers/STM32F4xx_HAL_Driver/Src/stm32f4xx_hal_gpio.c.obj
 .debug_line    0x0000321f      0x88c CMakeFiles/STM32_4.elf.dir/Drivers/STM32F4xx_HAL_Driver/Src/stm32f4xx_hal_rcc.c.obj
 .debug_line    0x00003aab     0x176c CMakeFiles/STM32_4.elf.dir/Drivers/STM32F4xx_HAL_Driver/Src/stm32f4xx_hal_spi.c.obj
 .debug_line    0x00005217     0x30fa CMakeFiles/STM32_4.elf.dir/Drivers/STM32F4xx_HAL_Driver/Src/stm32f4xx_hal_tim.c.obj
 .debug_line    0x00008311     0x14b5 CMakeFiles/STM32_4.elf.dir/Drivers/STM32F4xx_HAL_Driver/Src/stm32f4xx_hal_tim_ex.c.obj
 .debug_line    0x000097c6     0x1595 CMakeFiles/STM32_4.elf.dir/Drivers/STM32F4xx_HAL_Driver/Src/stm32f4xx_hal_uart.c.obj
 .debug_line    0x0000ad5b      0xd8a CMakeFiles/STM32_4.elf.dir/Middlewares/Third_Party/FreeRTOS/Source/CMSIS_RTOS/cmsis_os.c.obj
 .debug_line    0x0000bae5      0x2c4 CMakeFiles/STM32_4.elf.dir/Middlewares/Third_Party/FreeRTOS/Source/list.c.obj
 .debug_line    0x0000bda9      0x4d4 CMakeFiles/STM32_4.elf.dir/Middlewares/Third_Party/FreeRTOS/Source/portable/GCC/ARM_CM4F/port.c.obj
 .debug_line    0x0000c27d      0x53d CMakeFiles/STM32_4.elf.dir/Middlewares/Third_Party/FreeRTOS/Source/portable/MemMang/heap_4.c.obj
 .debug_line    0x0000c7ba     0x14f5 CMakeFiles/STM32_4.elf.dir/Middlewares/Third_Party/FreeRTOS/Source/tasks.c.obj
 .debug_line    0x0000dcaf       0x90 CMakeFiles/STM32_4.elf.dir/startup/startup_stm32f407xx.s.obj

.debug_str      0x00000000     0x66c0
 .debug_str     0x00000000      0x2cc CMakeFiles/STM32_4.elf.dir/Core/Src/freertos.c.obj
                                0x33a (size before relaxing)
 .debug_str     0x000002cc      0xe9b CMakeFiles/STM32_4.elf.dir/Core/Src/main.c.obj
                               0x1212 (size before relaxing)
 .debug_str     0x00001167      0x4ff CMakeFiles/STM32_4.elf.dir/Core/Src/retarget.c.obj
                                0xb87 (size before relaxing)
 .debug_str     0x00001666      0x574 CMakeFiles/STM32_4.elf.dir/Core/Src/stm32f4xx_hal_msp.c.obj
                                0xe63 (size before relaxing)
 .debug_str     0x00001bda       0xa7 CMakeFiles/STM32_4.elf.dir/Core/Src/stm32f4xx_hal_timebase_tim.c.obj
                                0xde9 (size before relaxing)
 .debug_str     0x00001c81       0xa3 CMakeFiles/STM32_4.elf.dir/Core/Src/stm32f4xx_it.c.obj
                                0x777 (size before relaxing)
 .debug_str     0x00001d24      0x107 CMakeFiles/STM32_4.elf.dir/Core/Src/syscalls.c.obj
                                0x430 (size before relaxing)
 .debug_str     0x00001e2b       0xea CMakeFiles/STM32_4.elf.dir/Core/Src/system_stm32f4xx.c.obj
                                0x39a (size before relaxing)
 .debug_str     0x00001f15      0x2be CMakeFiles/STM32_4.elf.dir/Drivers/CC1101/Src/CC1101.c.obj
                                0xa46 (size before relaxing)
 .debug_str     0x000021d3      0x2fb CMakeFiles/STM32_4.elf.dir/Drivers/STM32F4xx_HAL_Driver/Src/stm32f4xx_hal.c.obj
                                0xb3a (size before relaxing)
 .debug_str     0x000024ce      0x4a2 CMakeFiles/STM32_4.elf.dir/Drivers/STM32F4xx_HAL_Driver/Src/stm32f4xx_hal_cortex.c.obj
                                0xc51 (size before relaxing)
 .debug_str     0x00002970      0x167 CMakeFiles/STM32_4.elf.dir/Drivers/STM32F4xx_HAL_Driver/Src/stm32f4xx_hal_gpio.c.obj
                                0x505 (size before relaxing)
 .debug_str     0x00002ad7      0x1be CMakeFiles/STM32_4.elf.dir/Drivers/STM32F4xx_HAL_Driver/Src/stm32f4xx_hal_rcc.c.obj
                                0x6f3 (size before relaxing)